Archive member included to satisfy reference by file (symbol)

/usr/local/arm/gcc-arm-10.3-2021.07-x86_64-arm-none-eabi/bin/../lib/gcc/arm-none-eabi/10.3.1/thumb/v7e-m+fp/hard/libgcc.a(_aeabi_uldivmod.o)
                              CMakeFiles/LCD_SPI_DMA.elf.dir/Drivers/STM32H7xx_HAL_Driver/Src/stm32h7xx_hal_uart.c.obj (__aeabi_uldivmod)
/usr/local/arm/gcc-arm-10.3-2021.07-x86_64-arm-none-eabi/bin/../lib/gcc/arm-none-eabi/10.3.1/thumb/v7e-m+fp/hard/libgcc.a(_udivmoddi4.o)
                              /usr/local/arm/gcc-arm-10.3-2021.07-x86_64-arm-none-eabi/bin/../lib/gcc/arm-none-eabi/10.3.1/thumb/v7e-m+fp/hard/libgcc.a(_aeabi_uldivmod.o) (__udivmoddi4)
/usr/local/arm/gcc-arm-10.3-2021.07-x86_64-arm-none-eabi/bin/../lib/gcc/arm-none-eabi/10.3.1/thumb/v7e-m+fp/hard/libgcc.a(_dvmd_tls.o)
                              /usr/local/arm/gcc-arm-10.3-2021.07-x86_64-arm-none-eabi/bin/../lib/gcc/arm-none-eabi/10.3.1/thumb/v7e-m+fp/hard/libgcc.a(_aeabi_uldivmod.o) (__aeabi_ldiv0)
/usr/local/arm/gcc-arm-10.3-2021.07-x86_64-arm-none-eabi/bin/../lib/gcc/arm-none-eabi/10.3.1/../../../../arm-none-eabi/lib/thumb/v7e-m+fp/hard/libg.a(lib_a-atexit.o)
                              /usr/local/arm/gcc-arm-10.3-2021.07-x86_64-arm-none-eabi/bin/../lib/gcc/arm-none-eabi/10.3.1/../../../../arm-none-eabi/lib/thumb/v7e-m+fp/hard/crt0.o (atexit)
/usr/local/arm/gcc-arm-10.3-2021.07-x86_64-arm-none-eabi/bin/../lib/gcc/arm-none-eabi/10.3.1/../../../../arm-none-eabi/lib/thumb/v7e-m+fp/hard/libg.a(lib_a-errno.o)
                              CMakeFiles/LCD_SPI_DMA.elf.dir/Core/Src/syscalls.c.obj (__errno)
/usr/local/arm/gcc-arm-10.3-2021.07-x86_64-arm-none-eabi/bin/../lib/gcc/arm-none-eabi/10.3.1/../../../../arm-none-eabi/lib/thumb/v7e-m+fp/hard/libg.a(lib_a-exit.o)
                              /usr/local/arm/gcc-arm-10.3-2021.07-x86_64-arm-none-eabi/bin/../lib/gcc/arm-none-eabi/10.3.1/../../../../arm-none-eabi/lib/thumb/v7e-m+fp/hard/crt0.o (exit)
/usr/local/arm/gcc-arm-10.3-2021.07-x86_64-arm-none-eabi/bin/../lib/gcc/arm-none-eabi/10.3.1/../../../../arm-none-eabi/lib/thumb/v7e-m+fp/hard/libg.a(lib_a-fini.o)
                              /usr/local/arm/gcc-arm-10.3-2021.07-x86_64-arm-none-eabi/bin/../lib/gcc/arm-none-eabi/10.3.1/../../../../arm-none-eabi/lib/thumb/v7e-m+fp/hard/crt0.o (__libc_fini_array)
/usr/local/arm/gcc-arm-10.3-2021.07-x86_64-arm-none-eabi/bin/../lib/gcc/arm-none-eabi/10.3.1/../../../../arm-none-eabi/lib/thumb/v7e-m+fp/hard/libg.a(lib_a-impure.o)
                              /usr/local/arm/gcc-arm-10.3-2021.07-x86_64-arm-none-eabi/bin/../lib/gcc/arm-none-eabi/10.3.1/../../../../arm-none-eabi/lib/thumb/v7e-m+fp/hard/libg.a(lib_a-exit.o) (_global_impure_ptr)
/usr/local/arm/gcc-arm-10.3-2021.07-x86_64-arm-none-eabi/bin/../lib/gcc/arm-none-eabi/10.3.1/../../../../arm-none-eabi/lib/thumb/v7e-m+fp/hard/libg.a(lib_a-init.o)
                              /usr/local/arm/gcc-arm-10.3-2021.07-x86_64-arm-none-eabi/bin/../lib/gcc/arm-none-eabi/10.3.1/../../../../arm-none-eabi/lib/thumb/v7e-m+fp/hard/crt0.o (__libc_init_array)
/usr/local/arm/gcc-arm-10.3-2021.07-x86_64-arm-none-eabi/bin/../lib/gcc/arm-none-eabi/10.3.1/../../../../arm-none-eabi/lib/thumb/v7e-m+fp/hard/libg.a(lib_a-memset.o)
                              /usr/local/arm/gcc-arm-10.3-2021.07-x86_64-arm-none-eabi/bin/../lib/gcc/arm-none-eabi/10.3.1/../../../../arm-none-eabi/lib/thumb/v7e-m+fp/hard/crt0.o (memset)
/usr/local/arm/gcc-arm-10.3-2021.07-x86_64-arm-none-eabi/bin/../lib/gcc/arm-none-eabi/10.3.1/../../../../arm-none-eabi/lib/thumb/v7e-m+fp/hard/libg.a(lib_a-__atexit.o)
                              /usr/local/arm/gcc-arm-10.3-2021.07-x86_64-arm-none-eabi/bin/../lib/gcc/arm-none-eabi/10.3.1/../../../../arm-none-eabi/lib/thumb/v7e-m+fp/hard/libg.a(lib_a-atexit.o) (__register_exitproc)
/usr/local/arm/gcc-arm-10.3-2021.07-x86_64-arm-none-eabi/bin/../lib/gcc/arm-none-eabi/10.3.1/../../../../arm-none-eabi/lib/thumb/v7e-m+fp/hard/libg.a(lib_a-__call_atexit.o)
                              /usr/local/arm/gcc-arm-10.3-2021.07-x86_64-arm-none-eabi/bin/../lib/gcc/arm-none-eabi/10.3.1/../../../../arm-none-eabi/lib/thumb/v7e-m+fp/hard/libg.a(lib_a-exit.o) (__call_exitprocs)

Discarded input sections

 .text          0x0000000000000000        0x0 /usr/local/arm/gcc-arm-10.3-2021.07-x86_64-arm-none-eabi/bin/../lib/gcc/arm-none-eabi/10.3.1/thumb/v7e-m+fp/hard/crti.o
 .data          0x0000000000000000        0x0 /usr/local/arm/gcc-arm-10.3-2021.07-x86_64-arm-none-eabi/bin/../lib/gcc/arm-none-eabi/10.3.1/thumb/v7e-m+fp/hard/crti.o
 .bss           0x0000000000000000        0x0 /usr/local/arm/gcc-arm-10.3-2021.07-x86_64-arm-none-eabi/bin/../lib/gcc/arm-none-eabi/10.3.1/thumb/v7e-m+fp/hard/crti.o
 .text          0x0000000000000000        0x0 /usr/local/arm/gcc-arm-10.3-2021.07-x86_64-arm-none-eabi/bin/../lib/gcc/arm-none-eabi/10.3.1/thumb/v7e-m+fp/hard/crtbegin.o
[...]
Memory Configuration

Name             Origin             Length             Attributes
FLASH            0x0000000008000000 0x0000000000200000 xr
DTCMRAM          0x0000000020000000 0x0000000000020000 xrw
RAM_D1           0x0000000024000000 0x0000000000080000 xrw
RAM_D2           0x0000000030000000 0x0000000000048000 xrw
RAM_D3           0x0000000038000000 0x0000000000010000 xrw
ITCMRAM          0x0000000000000000 0x0000000000010000 xrw
*default*        0x0000000000000000 0xffffffffffffffff

Linker script and memory map

LOAD /usr/local/arm/gcc-arm-10.3-2021.07-x86_64-arm-none-eabi/bin/../lib/gcc/arm-none-eabi/10.3.1/thumb/v7e-m+fp/hard/crti.o
LOAD /usr/local/arm/gcc-arm-10.3-2021.07-x86_64-arm-none-eabi/bin/../lib/gcc/arm-none-eabi/10.3.1/thumb/v7e-m+fp/hard/crtbegin.o
LOAD /usr/local/arm/gcc-arm-10.3-2021.07-x86_64-arm-none-eabi/bin/../lib/gcc/arm-none-eabi/10.3.1/../../../../arm-none-eabi/lib/thumb/v7e-m+fp/hard/crt0.o
LOAD CMakeFiles/LCD_SPI_DMA.elf.dir/Core/Src/main.c.obj
LOAD CMakeFiles/LCD_SPI_DMA.elf.dir/Core/Src/stm32h7xx_hal_msp.c.obj
LOAD CMakeFiles/LCD_SPI_DMA.elf.dir/Core/Src/stm32h7xx_it.c.obj
LOAD CMakeFiles/LCD_SPI_DMA.elf.dir/Core/Src/syscalls.c.obj
LOAD CMakeFiles/LCD_SPI_DMA.elf.dir/Core/Src/sysmem.c.obj
LOAD CMakeFiles/LCD_SPI_DMA.elf.dir/Core/Src/system_stm32h7xx.c.obj
LOAD CMakeFiles/LCD_SPI_DMA.elf.dir/Core/Startup/startup_stm32h743vitx.s.obj
LOAD CMakeFiles/LCD_SPI_DMA.elf.dir/Drivers/STM32H7xx_HAL_Driver/Src/stm32h7xx_hal.c.obj
LOAD CMakeFiles/LCD_SPI_DMA.elf.dir/Drivers/STM32H7xx_HAL_Driver/Src/stm32h7xx_hal_cortex.c.obj
LOAD CMakeFiles/LCD_SPI_DMA.elf.dir/Drivers/STM32H7xx_HAL_Driver/Src/stm32h7xx_hal_dma.c.obj
LOAD CMakeFiles/LCD_SPI_DMA.elf.dir/Drivers/STM32H7xx_HAL_Driver/Src/stm32h7xx_hal_dma_ex.c.obj
LOAD CMakeFiles/LCD_SPI_DMA.elf.dir/Drivers/STM32H7xx_HAL_Driver/Src/stm32h7xx_hal_exti.c.obj
LOAD CMakeFiles/LCD_SPI_DMA.elf.dir/Drivers/STM32H7xx_HAL_Driver/Src/stm32h7xx_hal_flash.c.obj
LOAD CMakeFiles/LCD_SPI_DMA.elf.dir/Drivers/STM32H7xx_HAL_Driver/Src/stm32h7xx_hal_flash_ex.c.obj
LOAD CMakeFiles/LCD_SPI_DMA.elf.dir/Drivers/STM32H7xx_HAL_Driver/Src/stm32h7xx_hal_gpio.c.obj
LOAD CMakeFiles/LCD_SPI_DMA.elf.dir/Drivers/STM32H7xx_HAL_Driver/Src/stm32h7xx_hal_hsem.c.obj
LOAD CMakeFiles/LCD_SPI_DMA.elf.dir/Drivers/STM32H7xx_HAL_Driver/Src/stm32h7xx_hal_i2c.c.obj
LOAD CMakeFiles/LCD_SPI_DMA.elf.dir/Drivers/STM32H7xx_HAL_Driver/Src/stm32h7xx_hal_i2c_ex.c.obj
LOAD CMakeFiles/LCD_SPI_DMA.elf.dir/Drivers/STM32H7xx_HAL_Driver/Src/stm32h7xx_hal_mdma.c.obj
LOAD CMakeFiles/LCD_SPI_DMA.elf.dir/Drivers/STM32H7xx_HAL_Driver/Src/stm32h7xx_hal_pwr.c.obj
LOAD CMakeFiles/LCD_SPI_DMA.elf.dir/Drivers/STM32H7xx_HAL_Driver/Src/stm32h7xx_hal_pwr_ex.c.obj
LOAD CMakeFiles/LCD_SPI_DMA.elf.dir/Drivers/STM32H7xx_HAL_Driver/Src/stm32h7xx_hal_rcc.c.obj
LOAD CMakeFiles/LCD_SPI_DMA.elf.dir/Drivers/STM32H7xx_HAL_Driver/Src/stm32h7xx_hal_rcc_ex.c.obj
LOAD CMakeFiles/LCD_SPI_DMA.elf.dir/Drivers/STM32H7xx_HAL_Driver/Src/stm32h7xx_hal_spi.c.obj
LOAD CMakeFiles/LCD_SPI_DMA.elf.dir/Drivers/STM32H7xx_HAL_Driver/Src/stm32h7xx_hal_spi_ex.c.obj
LOAD CMakeFiles/LCD_SPI_DMA.elf.dir/Drivers/STM32H7xx_HAL_Driver/Src/stm32h7xx_hal_tim.c.obj
LOAD CMakeFiles/LCD_SPI_DMA.elf.dir/Drivers/STM32H7xx_HAL_Driver/Src/stm32h7xx_hal_tim_ex.c.obj
LOAD CMakeFiles/LCD_SPI_DMA.elf.dir/Drivers/STM32H7xx_HAL_Driver/Src/stm32h7xx_hal_uart.c.obj
LOAD CMakeFiles/LCD_SPI_DMA.elf.dir/Drivers/STM32H7xx_HAL_Driver/Src/stm32h7xx_hal_uart_ex.c.obj
LOAD CMakeFiles/LCD_SPI_DMA.elf.dir/UserApp/LCD/lcd.c.obj
LOAD CMakeFiles/LCD_SPI_DMA.elf.dir/UserApp/LCD/lcd_init.c.obj
START GROUP
LOAD /usr/local/arm/gcc-arm-10.3-2021.07-x86_64-arm-none-eabi/bin/../lib/gcc/arm-none-eabi/10.3.1/thumb/v7e-m+fp/hard/libgcc.a
LOAD /usr/local/arm/gcc-arm-10.3-2021.07-x86_64-arm-none-eabi/bin/../lib/gcc/arm-none-eabi/10.3.1/../../../../arm-none-eabi/lib/thumb/v7e-m+fp/hard/libg.a
LOAD /usr/local/arm/gcc-arm-10.3-2021.07-x86_64-arm-none-eabi/bin/../lib/gcc/arm-none-eabi/10.3.1/../../../../arm-none-eabi/lib/thumb/v7e-m+fp/hard/libc.a
END GROUP
LOAD /usr/local/arm/gcc-arm-10.3-2021.07-x86_64-arm-none-eabi/bin/../lib/gcc/arm-none-eabi/10.3.1/thumb/v7e-m+fp/hard/crtend.o
LOAD /usr/local/arm/gcc-arm-10.3-2021.07-x86_64-arm-none-eabi/bin/../lib/gcc/arm-none-eabi/10.3.1/thumb/v7e-m+fp/hard/crtn.o
                0x0000000024080000                _estack = (ORIGIN (RAM_D1) + LENGTH (RAM_D1))
                0x0000000000000200                _Min_Heap_Size = 0x200
                0x0000000000000400                _Min_Stack_Size = 0x400

.isr_vector     0x0000000008000000      0x298
                0x0000000008000000                . = ALIGN (0x4)
 *(.isr_vector)
 .isr_vector    0x0000000008000000      0x298 CMakeFiles/LCD_SPI_DMA.elf.dir/Core/Startup/startup_stm32h743vitx.s.obj
                0x0000000008000000                g_pfnVectors
                0x0000000008000298                . = ALIGN (0x4)

.text           0x0000000008000298     0x57bc
                0x0000000008000298                . = ALIGN (0x4)
 *(.text)
 .text          0x0000000008000298       0x30 /usr/local/arm/gcc-arm-10.3-2021.07-x86_64-arm-none-eabi/bin/../lib/gcc/arm-none-eabi/10.3.1/thumb/v7e-m+fp/hard/libgcc.a(_aeabi_uldivmod.o)
                0x0000000008000298                __aeabi_uldivmod
 .text          0x00000000080002c8        0x4 /usr/local/arm/gcc-arm-10.3-2021.07-x86_64-arm-none-eabi/bin/../lib/gcc/arm-none-eabi/10.3.1/thumb/v7e-m+fp/hard/libgcc.a(_dvmd_tls.o)
                0x00000000080002c8                __aeabi_ldiv0
                0x00000000080002c8                __aeabi_idiv0
 *(.text*)
 .text.deregister_tm_clones
                0x00000000080002cc       0x1c /usr/local/arm/gcc-arm-10.3-2021.07-x86_64-arm-none-eabi/bin/../lib/gcc/arm-none-eabi/10.3.1/thumb/v7e-m+fp/hard/crtbegin.o
 .text.register_tm_clones
                0x00000000080002e8       0x24 /usr/local/arm/gcc-arm-10.3-2021.07-x86_64-arm-none-eabi/bin/../lib/gcc/arm-none-eabi/10.3.1/thumb/v7e-m+fp/hard/crtbegin.o
 .text.__do_global_dtors_aux
                0x000000000800030c       0x28 /usr/local/arm/gcc-arm-10.3-2021.07-x86_64-arm-none-eabi/bin/../lib/gcc/arm-none-eabi/10.3.1/thumb/v7e-m+fp/hard/crtbegin.o
 .text.frame_dummy
                0x0000000008000334       0x24 /usr/local/arm/gcc-arm-10.3-2021.07-x86_64-arm-none-eabi/bin/../lib/gcc/arm-none-eabi/10.3.1/thumb/v7e-m+fp/hard/crtbegin.o
 .text.MX_GPIO_Init
                0x0000000008000358      0x160 CMakeFiles/LCD_SPI_DMA.elf.dir/Core/Src/main.c.obj
 .text.MX_DMA_Init
                0x00000000080004b8       0x48 CMakeFiles/LCD_SPI_DMA.elf.dir/Core/Src/main.c.obj
 .text.Error_Handler
                0x0000000008000500        0x4 CMakeFiles/LCD_SPI_DMA.elf.dir/Core/Src/main.c.obj
                0x0000000008000500                Error_Handler
 .text.MX_USART1_UART_Init
                0x0000000008000504       0x60 CMakeFiles/LCD_SPI_DMA.elf.dir/Core/Src/main.c.obj
 .text.MX_SPI1_Init
                0x0000000008000564       0x64 CMakeFiles/LCD_SPI_DMA.elf.dir/Core/Src/main.c.obj
 .text.SystemClock_Config
                0x00000000080005c8       0xc0 CMakeFiles/LCD_SPI_DMA.elf.dir/Core/Src/main.c.obj
                0x00000000080005c8                SystemClock_Config
 .text.main     0x0000000008000688       0x64 CMakeFiles/LCD_SPI_DMA.elf.dir/Core/Src/main.c.obj
                0x0000000008000688                main
 .text.HAL_MspInit
                0x00000000080006ec       0x24 CMakeFiles/LCD_SPI_DMA.elf.dir/Core/Src/stm32h7xx_hal_msp.c.obj
                0x00000000080006ec                HAL_MspInit
 .text.HAL_SPI_MspInit
                0x0000000008000710       0xec CMakeFiles/LCD_SPI_DMA.elf.dir/Core/Src/stm32h7xx_hal_msp.c.obj
                0x0000000008000710                HAL_SPI_MspInit
 .text.HAL_UART_MspInit
                0x00000000080007fc       0xd4 CMakeFiles/LCD_SPI_DMA.elf.dir/Core/Src/stm32h7xx_hal_msp.c.obj
                0x00000000080007fc                HAL_UART_MspInit
 .text.NMI_Handler
                0x00000000080008d0        0x2 CMakeFiles/LCD_SPI_DMA.elf.dir/Core/Src/stm32h7xx_it.c.obj
                0x00000000080008d0                NMI_Handler
 .text.HardFault_Handler
                0x00000000080008d2        0x2 CMakeFiles/LCD_SPI_DMA.elf.dir/Core/Src/stm32h7xx_it.c.obj
                0x00000000080008d2                HardFault_Handler
 .text.MemManage_Handler
                0x00000000080008d4        0x2 CMakeFiles/LCD_SPI_DMA.elf.dir/Core/Src/stm32h7xx_it.c.obj
                0x00000000080008d4                MemManage_Handler
 .text.BusFault_Handler
                0x00000000080008d6        0x2 CMakeFiles/LCD_SPI_DMA.elf.dir/Core/Src/stm32h7xx_it.c.obj
                0x00000000080008d6                BusFault_Handler
 .text.UsageFault_Handler
                0x00000000080008d8        0x2 CMakeFiles/LCD_SPI_DMA.elf.dir/Core/Src/stm32h7xx_it.c.obj
                0x00000000080008d8                UsageFault_Handler
 .text.SVC_Handler
                0x00000000080008da        0x2 CMakeFiles/LCD_SPI_DMA.elf.dir/Core/Src/stm32h7xx_it.c.obj
                0x00000000080008da                SVC_Handler
 .text.DebugMon_Handler
                0x00000000080008dc        0x2 CMakeFiles/LCD_SPI_DMA.elf.dir/Core/Src/stm32h7xx_it.c.obj
                0x00000000080008dc                DebugMon_Handler
 .text.PendSV_Handler
                0x00000000080008de        0x2 CMakeFiles/LCD_SPI_DMA.elf.dir/Core/Src/stm32h7xx_it.c.obj
                0x00000000080008de                PendSV_Handler
 .text.SysTick_Handler
                0x00000000080008e0        0x8 CMakeFiles/LCD_SPI_DMA.elf.dir/Core/Src/stm32h7xx_it.c.obj
                0x00000000080008e0                SysTick_Handler
 .text.DMA1_Stream0_IRQHandler
                0x00000000080008e8       0x10 CMakeFiles/LCD_SPI_DMA.elf.dir/Core/Src/stm32h7xx_it.c.obj
                0x00000000080008e8                DMA1_Stream0_IRQHandler
 .text.DMA1_Stream1_IRQHandler
                0x00000000080008f8       0x10 CMakeFiles/LCD_SPI_DMA.elf.dir/Core/Src/stm32h7xx_it.c.obj
                0x00000000080008f8                DMA1_Stream1_IRQHandler
 .text.SPI1_IRQHandler
                0x0000000008000908       0x10 CMakeFiles/LCD_SPI_DMA.elf.dir/Core/Src/stm32h7xx_it.c.obj
                0x0000000008000908                SPI1_IRQHandler
 .text.SystemInit
                0x0000000008000918       0xcc CMakeFiles/LCD_SPI_DMA.elf.dir/Core/Src/system_stm32h7xx.c.obj
                0x0000000008000918                SystemInit
 .text.Reset_Handler
                0x00000000080009e4       0x50 CMakeFiles/LCD_SPI_DMA.elf.dir/Core/Startup/startup_stm32h743vitx.s.obj
                0x00000000080009e4                Reset_Handler
 .text.Default_Handler
                0x0000000008000a34        0x2 CMakeFiles/LCD_SPI_DMA.elf.dir/Core/Startup/startup_stm32h743vitx.s.obj
                0x0000000008000a34                RTC_Alarm_IRQHandler
                0x0000000008000a34                EXTI2_IRQHandler
                0x0000000008000a34                TIM8_CC_IRQHandler
                0x0000000008000a34                HRTIM1_Master_IRQHandler
                0x0000000008000a34                UART8_IRQHandler
                0x0000000008000a34                SPI4_IRQHandler
                0x0000000008000a34                TIM1_CC_IRQHandler
                0x0000000008000a34                BDMA_Channel6_IRQHandler
                0x0000000008000a34                DMA2_Stream5_IRQHandler
                0x0000000008000a34                HRTIM1_FLT_IRQHandler
                0x0000000008000a34                JPEG_IRQHandler
                0x0000000008000a34                DMA1_Stream5_IRQHandler
                0x0000000008000a34                BDMA_Channel1_IRQHandler
                0x0000000008000a34                HRTIM1_TIMD_IRQHandler
                0x0000000008000a34                TAMP_STAMP_IRQHandler
                0x0000000008000a34                EXTI3_IRQHandler
                0x0000000008000a34                LPTIM4_IRQHandler
                0x0000000008000a34                TIM8_TRG_COM_TIM14_IRQHandler
                0x0000000008000a34                LPTIM2_IRQHandler
                0x0000000008000a34                DFSDM1_FLT1_IRQHandler
                0x0000000008000a34                DMAMUX2_OVR_IRQHandler
                0x0000000008000a34                TIM8_UP_TIM13_IRQHandler
                0x0000000008000a34                I2C3_ER_IRQHandler
                0x0000000008000a34                DFSDM1_FLT2_IRQHandler
                0x0000000008000a34                MDMA_IRQHandler
                0x0000000008000a34                LPTIM3_IRQHandler
                0x0000000008000a34                HSEM1_IRQHandler
                0x0000000008000a34                EXTI0_IRQHandler
                0x0000000008000a34                I2C2_EV_IRQHandler
                0x0000000008000a34                DMA1_Stream2_IRQHandler
                0x0000000008000a34                FPU_IRQHandler
                0x0000000008000a34                OTG_HS_WKUP_IRQHandler
                0x0000000008000a34                FDCAN1_IT1_IRQHandler
                0x0000000008000a34                LTDC_ER_IRQHandler
                0x0000000008000a34                DMA2_Stream2_IRQHandler
                0x0000000008000a34                HRTIM1_TIME_IRQHandler
                0x0000000008000a34                TIM6_DAC_IRQHandler
                0x0000000008000a34                DCMI_IRQHandler
                0x0000000008000a34                HRTIM1_TIMC_IRQHandler
                0x0000000008000a34                DMA2_Stream3_IRQHandler
                0x0000000008000a34                SAI2_IRQHandler
                0x0000000008000a34                DFSDM1_FLT3_IRQHandler
                0x0000000008000a34                USART6_IRQHandler
                0x0000000008000a34                TIM17_IRQHandler
                0x0000000008000a34                USART3_IRQHandler
                0x0000000008000a34                BDMA_Channel7_IRQHandler
                0x0000000008000a34                LPTIM5_IRQHandler
                0x0000000008000a34                UART5_IRQHandler
                0x0000000008000a34                ADC3_IRQHandler
                0x0000000008000a34                DMA2_Stream0_IRQHandler
                0x0000000008000a34                TIM4_IRQHandler
                0x0000000008000a34                BDMA_Channel2_IRQHandler
                0x0000000008000a34                QUADSPI_IRQHandler
                0x0000000008000a34                I2C1_EV_IRQHandler
                0x0000000008000a34                DMA1_Stream6_IRQHandler
                0x0000000008000a34                DMAMUX1_OVR_IRQHandler
                0x0000000008000a34                TIM16_IRQHandler
                0x0000000008000a34                UART4_IRQHandler
                0x0000000008000a34                BDMA_Channel5_IRQHandler
                0x0000000008000a34                TIM3_IRQHandler
                0x0000000008000a34                RCC_IRQHandler
                0x0000000008000a34                TIM8_BRK_TIM12_IRQHandler
                0x0000000008000a34                TIM1_TRG_COM_IRQHandler
                0x0000000008000a34                Default_Handler
                0x0000000008000a34                ECC_IRQHandler
                0x0000000008000a34                CEC_IRQHandler
                0x0000000008000a34                EXTI15_10_IRQHandler
                0x0000000008000a34                BDMA_Channel0_IRQHandler
                0x0000000008000a34                ADC_IRQHandler
                0x0000000008000a34                DMA1_Stream7_IRQHandler
                0x0000000008000a34                HRTIM1_TIMA_IRQHandler
                0x0000000008000a34                SPI5_IRQHandler
                0x0000000008000a34                TIM7_IRQHandler
                0x0000000008000a34                SDMMC1_IRQHandler
                0x0000000008000a34                TIM5_IRQHandler
                0x0000000008000a34                DMA2_Stream7_IRQHandler
                0x0000000008000a34                TIM15_IRQHandler
                0x0000000008000a34                PVD_AVD_IRQHandler
                0x0000000008000a34                I2C3_EV_IRQHandler
                0x0000000008000a34                EXTI9_5_IRQHandler
                0x0000000008000a34                RTC_WKUP_IRQHandler
                0x0000000008000a34                LTDC_IRQHandler
                0x0000000008000a34                SAI3_IRQHandler
                0x0000000008000a34                ETH_WKUP_IRQHandler
                0x0000000008000a34                SPDIF_RX_IRQHandler
                0x0000000008000a34                SPI2_IRQHandler
                0x0000000008000a34                OTG_HS_EP1_IN_IRQHandler
                0x0000000008000a34                CRS_IRQHandler
                0x0000000008000a34                EXTI4_IRQHandler
                0x0000000008000a34                RNG_IRQHandler
                0x0000000008000a34                HRTIM1_TIMB_IRQHandler
                0x0000000008000a34                FDCAN2_IT1_IRQHandler
                0x0000000008000a34                ETH_IRQHandler
                0x0000000008000a34                TIM1_UP_IRQHandler
                0x0000000008000a34                BDMA_Channel4_IRQHandler
                0x0000000008000a34                OTG_HS_EP1_OUT_IRQHandler
                0x0000000008000a34                WWDG_IRQHandler
                0x0000000008000a34                SPI6_IRQHandler
                0x0000000008000a34                MDIOS_IRQHandler
                0x0000000008000a34                I2C4_EV_IRQHandler
                0x0000000008000a34                FDCAN2_IT0_IRQHandler
                0x0000000008000a34                LPUART1_IRQHandler
                0x0000000008000a34                FDCAN1_IT0_IRQHandler
                0x0000000008000a34                TIM2_IRQHandler
                0x0000000008000a34                OTG_FS_WKUP_IRQHandler
                0x0000000008000a34                OTG_HS_IRQHandler
                0x0000000008000a34                DMA2D_IRQHandler
                0x0000000008000a34                TIM1_BRK_IRQHandler
                0x0000000008000a34                EXTI1_IRQHandler
                0x0000000008000a34                SDMMC2_IRQHandler
                0x0000000008000a34                OTG_FS_EP1_OUT_IRQHandler
                0x0000000008000a34                BDMA_Channel3_IRQHandler
                0x0000000008000a34                UART7_IRQHandler
                0x0000000008000a34                MDIOS_WKUP_IRQHandler
                0x0000000008000a34                USART2_IRQHandler
                0x0000000008000a34                DFSDM1_FLT0_IRQHandler
                0x0000000008000a34                SAI4_IRQHandler
                0x0000000008000a34                I2C2_ER_IRQHandler
                0x0000000008000a34                DMA2_Stream1_IRQHandler
                0x0000000008000a34                FLASH_IRQHandler
                0x0000000008000a34                DMA2_Stream4_IRQHandler
                0x0000000008000a34                USART1_IRQHandler
                0x0000000008000a34                OTG_FS_IRQHandler
                0x0000000008000a34                SPI3_IRQHandler
                0x0000000008000a34                WAKEUP_PIN_IRQHandler
                0x0000000008000a34                DMA1_Stream4_IRQHandler
                0x0000000008000a34                OTG_FS_EP1_IN_IRQHandler
                0x0000000008000a34                I2C1_ER_IRQHandler
                0x0000000008000a34                FMC_IRQHandler
                0x0000000008000a34                FDCAN_CAL_IRQHandler
                0x0000000008000a34                SWPMI1_IRQHandler
                0x0000000008000a34                COMP1_IRQHandler
                0x0000000008000a34                LPTIM1_IRQHandler
                0x0000000008000a34                I2C4_ER_IRQHandler
                0x0000000008000a34                DMA2_Stream6_IRQHandler
                0x0000000008000a34                SAI1_IRQHandler
                0x0000000008000a34                DMA1_Stream3_IRQHandler
 *fill*         0x0000000008000a36        0x2 
 .text.HAL_InitTick
                0x0000000008000a38       0x50 CMakeFiles/LCD_SPI_DMA.elf.dir/Drivers/STM32H7xx_HAL_Driver/Src/stm32h7xx_hal.c.obj
                0x0000000008000a38                HAL_InitTick
 .text.HAL_Init
                0x0000000008000a88       0x5c CMakeFiles/LCD_SPI_DMA.elf.dir/Drivers/STM32H7xx_HAL_Driver/Src/stm32h7xx_hal.c.obj
                0x0000000008000a88                HAL_Init
 .text.HAL_IncTick
                0x0000000008000ae4       0x18 CMakeFiles/LCD_SPI_DMA.elf.dir/Drivers/STM32H7xx_HAL_Driver/Src/stm32h7xx_hal.c.obj
                0x0000000008000ae4                HAL_IncTick
 .text.HAL_GetTick
                0x0000000008000afc        0xc CMakeFiles/LCD_SPI_DMA.elf.dir/Drivers/STM32H7xx_HAL_Driver/Src/stm32h7xx_hal.c.obj
                0x0000000008000afc                HAL_GetTick
 .text.HAL_Delay
                0x0000000008000b08       0x28 CMakeFiles/LCD_SPI_DMA.elf.dir/Drivers/STM32H7xx_HAL_Driver/Src/stm32h7xx_hal.c.obj
                0x0000000008000b08                HAL_Delay
 .text.HAL_GetREVID
                0x0000000008000b30        0xc CMakeFiles/LCD_SPI_DMA.elf.dir/Drivers/STM32H7xx_HAL_Driver/Src/stm32h7xx_hal.c.obj
                0x0000000008000b30                HAL_GetREVID
 .text.HAL_NVIC_SetPriorityGrouping
                0x0000000008000b3c       0x24 CMakeFiles/LCD_SPI_DMA.elf.dir/Drivers/STM32H7xx_HAL_Driver/Src/stm32h7xx_hal_cortex.c.obj
                0x0000000008000b3c                HAL_NVIC_SetPriorityGrouping
 .text.HAL_NVIC_SetPriority
                0x0000000008000b60       0x6c CMakeFiles/LCD_SPI_DMA.elf.dir/Drivers/STM32H7xx_HAL_Driver/Src/stm32h7xx_hal_cortex.c.obj
                0x0000000008000b60                HAL_NVIC_SetPriority
 .text.HAL_NVIC_EnableIRQ
                0x0000000008000bcc       0x1c CMakeFiles/LCD_SPI_DMA.elf.dir/Drivers/STM32H7xx_HAL_Driver/Src/stm32h7xx_hal_cortex.c.obj
                0x0000000008000bcc                HAL_NVIC_EnableIRQ
 .text.HAL_SYSTICK_Config
                0x0000000008000be8       0x28 CMakeFiles/LCD_SPI_DMA.elf.dir/Drivers/STM32H7xx_HAL_Driver/Src/stm32h7xx_hal_cortex.c.obj
                0x0000000008000be8                HAL_SYSTICK_Config
 .text.DMA_SetConfig
                0x0000000008000c10      0x1b4 CMakeFiles/LCD_SPI_DMA.elf.dir/Drivers/STM32H7xx_HAL_Driver/Src/stm32h7xx_hal_dma.c.obj
 .text.DMA_CalcBaseAndBitshift
                0x0000000008000dc4       0xb4 CMakeFiles/LCD_SPI_DMA.elf.dir/Drivers/STM32H7xx_HAL_Driver/Src/stm32h7xx_hal_dma.c.obj
 .text.DMA_CheckFifoParam
                0x0000000008000e78       0x92 CMakeFiles/LCD_SPI_DMA.elf.dir/Drivers/STM32H7xx_HAL_Driver/Src/stm32h7xx_hal_dma.c.obj
 *fill*         0x0000000008000f0a        0x2 
 .text.DMA_CalcDMAMUXChannelBaseAndMask
                0x0000000008000f0c       0xb0 CMakeFiles/LCD_SPI_DMA.elf.dir/Drivers/STM32H7xx_HAL_Driver/Src/stm32h7xx_hal_dma.c.obj
 .text.DMA_CalcDMAMUXRequestGenBaseAndMask
                0x0000000008000fbc       0x7c CMakeFiles/LCD_SPI_DMA.elf.dir/Drivers/STM32H7xx_HAL_Driver/Src/stm32h7xx_hal_dma.c.obj
 .text.HAL_DMA_Init
                0x0000000008001038      0x3a4 CMakeFiles/LCD_SPI_DMA.elf.dir/Drivers/STM32H7xx_HAL_Driver/Src/stm32h7xx_hal_dma.c.obj
                0x0000000008001038                HAL_DMA_Init
 .text.HAL_DMA_Start_IT
                0x00000000080013dc      0x298 CMakeFiles/LCD_SPI_DMA.elf.dir/Drivers/STM32H7xx_HAL_Driver/Src/stm32h7xx_hal_dma.c.obj
                0x00000000080013dc                HAL_DMA_Start_IT
 .text.HAL_DMA_Abort_IT
                0x0000000008001674      0x270 CMakeFiles/LCD_SPI_DMA.elf.dir/Drivers/STM32H7xx_HAL_Driver/Src/stm32h7xx_hal_dma.c.obj
                0x0000000008001674                HAL_DMA_Abort_IT
 .text.HAL_DMA_IRQHandler
                0x00000000080018e4      0x738 CMakeFiles/LCD_SPI_DMA.elf.dir/Drivers/STM32H7xx_HAL_Driver/Src/stm32h7xx_hal_dma.c.obj
                0x00000000080018e4                HAL_DMA_IRQHandler
 .text.HAL_DMA_GetError
                0x000000000800201c        0x4 CMakeFiles/LCD_SPI_DMA.elf.dir/Drivers/STM32H7xx_HAL_Driver/Src/stm32h7xx_hal_dma.c.obj
                0x000000000800201c                HAL_DMA_GetError
 .text.HAL_GPIO_Init
                0x0000000008002020      0x220 CMakeFiles/LCD_SPI_DMA.elf.dir/Drivers/STM32H7xx_HAL_Driver/Src/stm32h7xx_hal_gpio.c.obj
                0x0000000008002020                HAL_GPIO_Init
 .text.HAL_GPIO_WritePin
                0x0000000008002240        0xc CMakeFiles/LCD_SPI_DMA.elf.dir/Drivers/STM32H7xx_HAL_Driver/Src/stm32h7xx_hal_gpio.c.obj
                0x0000000008002240                HAL_GPIO_WritePin
 .text.HAL_GPIO_TogglePin
                0x000000000800224c       0x12 CMakeFiles/LCD_SPI_DMA.elf.dir/Drivers/STM32H7xx_HAL_Driver/Src/stm32h7xx_hal_gpio.c.obj
                0x000000000800224c                HAL_GPIO_TogglePin
 *fill*         0x000000000800225e        0x2 
 .text.HAL_PWREx_ConfigSupply
                0x0000000008002260       0x54 CMakeFiles/LCD_SPI_DMA.elf.dir/Drivers/STM32H7xx_HAL_Driver/Src/stm32h7xx_hal_pwr_ex.c.obj
                0x0000000008002260                HAL_PWREx_ConfigSupply
 .text.HAL_RCC_OscConfig
                0x00000000080022b4      0x6b4 CMakeFiles/LCD_SPI_DMA.elf.dir/Drivers/STM32H7xx_HAL_Driver/Src/stm32h7xx_hal_rcc.c.obj
                0x00000000080022b4                HAL_RCC_OscConfig
 .text.HAL_RCC_GetSysClockFreq
                0x0000000008002968      0x1f4 CMakeFiles/LCD_SPI_DMA.elf.dir/Drivers/STM32H7xx_HAL_Driver/Src/stm32h7xx_hal_rcc.c.obj
                0x0000000008002968                HAL_RCC_GetSysClockFreq
 .text.HAL_RCC_ClockConfig
                0x0000000008002b5c      0x294 CMakeFiles/LCD_SPI_DMA.elf.dir/Drivers/STM32H7xx_HAL_Driver/Src/stm32h7xx_hal_rcc.c.obj
                0x0000000008002b5c                HAL_RCC_ClockConfig
 .text.HAL_RCC_GetHCLKFreq
                0x0000000008002df0       0x44 CMakeFiles/LCD_SPI_DMA.elf.dir/Drivers/STM32H7xx_HAL_Driver/Src/stm32h7xx_hal_rcc.c.obj
                0x0000000008002df0                HAL_RCC_GetHCLKFreq
 .text.HAL_RCC_GetPCLK1Freq
                0x0000000008002e34       0x24 CMakeFiles/LCD_SPI_DMA.elf.dir/Drivers/STM32H7xx_HAL_Driver/Src/stm32h7xx_hal_rcc.c.obj
                0x0000000008002e34                HAL_RCC_GetPCLK1Freq
 .text.HAL_RCC_GetPCLK2Freq
                0x0000000008002e58       0x24 CMakeFiles/LCD_SPI_DMA.elf.dir/Drivers/STM32H7xx_HAL_Driver/Src/stm32h7xx_hal_rcc.c.obj
                0x0000000008002e58                HAL_RCC_GetPCLK2Freq
 .text.RCCEx_PLL2_Config
                0x0000000008002e7c      0x10c CMakeFiles/LCD_SPI_DMA.elf.dir/Drivers/STM32H7xx_HAL_Driver/Src/stm32h7xx_hal_rcc_ex.c.obj
 .text.RCCEx_PLL3_Config
                0x0000000008002f88      0x10c CMakeFiles/LCD_SPI_DMA.elf.dir/Drivers/STM32H7xx_HAL_Driver/Src/stm32h7xx_hal_rcc_ex.c.obj
 .text.HAL_RCCEx_PeriphCLKConfig
                0x0000000008003094      0xa8c CMakeFiles/LCD_SPI_DMA.elf.dir/Drivers/STM32H7xx_HAL_Driver/Src/stm32h7xx_hal_rcc_ex.c.obj
                0x0000000008003094                HAL_RCCEx_PeriphCLKConfig
 .text.HAL_RCCEx_GetD3PCLK1Freq
                0x0000000008003b20       0x24 CMakeFiles/LCD_SPI_DMA.elf.dir/Drivers/STM32H7xx_HAL_Driver/Src/stm32h7xx_hal_rcc_ex.c.obj
                0x0000000008003b20                HAL_RCCEx_GetD3PCLK1Freq
 .text.HAL_RCCEx_GetPLL2ClockFreq
                0x0000000008003b44      0x1f8 CMakeFiles/LCD_SPI_DMA.elf.dir/Drivers/STM32H7xx_HAL_Driver/Src/stm32h7xx_hal_rcc_ex.c.obj
                0x0000000008003b44                HAL_RCCEx_GetPLL2ClockFreq
 .text.HAL_RCCEx_GetPLL3ClockFreq
                0x0000000008003d3c      0x1f8 CMakeFiles/LCD_SPI_DMA.elf.dir/Drivers/STM32H7xx_HAL_Driver/Src/stm32h7xx_hal_rcc_ex.c.obj
                0x0000000008003d3c                HAL_RCCEx_GetPLL3ClockFreq
 .text.SPI_CloseTransfer
                0x0000000008003f34       0xd0 CMakeFiles/LCD_SPI_DMA.elf.dir/Drivers/STM32H7xx_HAL_Driver/Src/stm32h7xx_hal_spi.c.obj
 .text.SPI_GetPacketSize
                0x0000000008004004       0x10 CMakeFiles/LCD_SPI_DMA.elf.dir/Drivers/STM32H7xx_HAL_Driver/Src/stm32h7xx_hal_spi.c.obj
 .text.SPI_WaitOnFlagUntilTimeout
                0x0000000008004014       0x46 CMakeFiles/LCD_SPI_DMA.elf.dir/Drivers/STM32H7xx_HAL_Driver/Src/stm32h7xx_hal_spi.c.obj
 *fill*         0x000000000800405a        0x2 
 .text.HAL_SPI_Init
                0x000000000800405c      0x190 CMakeFiles/LCD_SPI_DMA.elf.dir/Drivers/STM32H7xx_HAL_Driver/Src/stm32h7xx_hal_spi.c.obj
                0x000000000800405c                HAL_SPI_Init
 .text.HAL_SPI_Transmit
                0x00000000080041ec      0x2d4 CMakeFiles/LCD_SPI_DMA.elf.dir/Drivers/STM32H7xx_HAL_Driver/Src/stm32h7xx_hal_spi.c.obj
                0x00000000080041ec                HAL_SPI_Transmit
 .text.HAL_SPI_Transmit_DMA
                0x00000000080044c0      0x1c8 CMakeFiles/LCD_SPI_DMA.elf.dir/Drivers/STM32H7xx_HAL_Driver/Src/stm32h7xx_hal_spi.c.obj
                0x00000000080044c0                HAL_SPI_Transmit_DMA
 .text.SPI_DMATransmitCplt
                0x0000000008004688       0x2a CMakeFiles/LCD_SPI_DMA.elf.dir/Drivers/STM32H7xx_HAL_Driver/Src/stm32h7xx_hal_spi.c.obj
 .text.HAL_SPI_RxCpltCallback
                0x00000000080046b2        0x2 CMakeFiles/LCD_SPI_DMA.elf.dir/Drivers/STM32H7xx_HAL_Driver/Src/stm32h7xx_hal_spi.c.obj
                0x00000000080046b2                HAL_SPI_RxCpltCallback
 .text.HAL_SPI_TxRxCpltCallback
                0x00000000080046b4        0x2 CMakeFiles/LCD_SPI_DMA.elf.dir/Drivers/STM32H7xx_HAL_Driver/Src/stm32h7xx_hal_spi.c.obj
                0x00000000080046b4                HAL_SPI_TxRxCpltCallback
 .text.HAL_SPI_TxHalfCpltCallback
                0x00000000080046b6        0x2 CMakeFiles/LCD_SPI_DMA.elf.dir/Drivers/STM32H7xx_HAL_Driver/Src/stm32h7xx_hal_spi.c.obj
                0x00000000080046b6                HAL_SPI_TxHalfCpltCallback
 .text.SPI_DMAHalfTransmitCplt
                0x00000000080046b8        0xa CMakeFiles/LCD_SPI_DMA.elf.dir/Drivers/STM32H7xx_HAL_Driver/Src/stm32h7xx_hal_spi.c.obj
 .text.HAL_SPI_ErrorCallback
                0x00000000080046c2        0x2 CMakeFiles/LCD_SPI_DMA.elf.dir/Drivers/STM32H7xx_HAL_Driver/Src/stm32h7xx_hal_spi.c.obj
                0x00000000080046c2                HAL_SPI_ErrorCallback
 .text.SPI_DMAError
                0x00000000080046c4       0x2e CMakeFiles/LCD_SPI_DMA.elf.dir/Drivers/STM32H7xx_HAL_Driver/Src/stm32h7xx_hal_spi.c.obj
 .text.SPI_DMAAbortOnError
                0x00000000080046f2       0x1a CMakeFiles/LCD_SPI_DMA.elf.dir/Drivers/STM32H7xx_HAL_Driver/Src/stm32h7xx_hal_spi.c.obj
 .text.HAL_SPI_SuspendCallback
                0x000000000800470c        0x2 CMakeFiles/LCD_SPI_DMA.elf.dir/Drivers/STM32H7xx_HAL_Driver/Src/stm32h7xx_hal_spi.c.obj
                0x000000000800470c                HAL_SPI_SuspendCallback
 *fill*         0x000000000800470e        0x2 
 .text.HAL_SPI_IRQHandler
                0x0000000008004710      0x240 CMakeFiles/LCD_SPI_DMA.elf.dir/Drivers/STM32H7xx_HAL_Driver/Src/stm32h7xx_hal_spi.c.obj
                0x0000000008004710                HAL_SPI_IRQHandler
 .text.HAL_SPI_GetState
                0x0000000008004950        0x6 CMakeFiles/LCD_SPI_DMA.elf.dir/Drivers/STM32H7xx_HAL_Driver/Src/stm32h7xx_hal_spi.c.obj
                0x0000000008004950                HAL_SPI_GetState
 *fill*         0x0000000008004956        0x2 
 .text.UART_EndRxTransfer
                0x0000000008004958       0x58 CMakeFiles/LCD_SPI_DMA.elf.dir/Drivers/STM32H7xx_HAL_Driver/Src/stm32h7xx_hal_uart.c.obj
 .text.UART_SetConfig
                0x00000000080049b0      0x5f4 CMakeFiles/LCD_SPI_DMA.elf.dir/Drivers/STM32H7xx_HAL_Driver/Src/stm32h7xx_hal_uart.c.obj
                0x00000000080049b0                UART_SetConfig
 .text.UART_AdvFeatureConfig
                0x0000000008004fa4       0xca CMakeFiles/LCD_SPI_DMA.elf.dir/Drivers/STM32H7xx_HAL_Driver/Src/stm32h7xx_hal_uart.c.obj
                0x0000000008004fa4                UART_AdvFeatureConfig
 .text.UART_WaitOnFlagUntilTimeout
                0x000000000800506e       0x9a CMakeFiles/LCD_SPI_DMA.elf.dir/Drivers/STM32H7xx_HAL_Driver/Src/stm32h7xx_hal_uart.c.obj
                0x000000000800506e                UART_WaitOnFlagUntilTimeout
 .text.UART_CheckIdleState
                0x0000000008005108       0xca CMakeFiles/LCD_SPI_DMA.elf.dir/Drivers/STM32H7xx_HAL_Driver/Src/stm32h7xx_hal_uart.c.obj
                0x0000000008005108                UART_CheckIdleState
 .text.HAL_UART_Init
                0x00000000080051d2       0x66 CMakeFiles/LCD_SPI_DMA.elf.dir/Drivers/STM32H7xx_HAL_Driver/Src/stm32h7xx_hal_uart.c.obj
                0x00000000080051d2                HAL_UART_Init
 .text.UARTEx_SetNbDataToProcess
                0x0000000008005238       0x4c CMakeFiles/LCD_SPI_DMA.elf.dir/Drivers/STM32H7xx_HAL_Driver/Src/stm32h7xx_hal_uart_ex.c.obj
 .text.HAL_UARTEx_DisableFifoMode
                0x0000000008005284       0x3e CMakeFiles/LCD_SPI_DMA.elf.dir/Drivers/STM32H7xx_HAL_Driver/Src/stm32h7xx_hal_uart_ex.c.obj
                0x0000000008005284                HAL_UARTEx_DisableFifoMode
 .text.HAL_UARTEx_SetTxFifoThreshold
                0x00000000080052c2       0x4a CMakeFiles/LCD_SPI_DMA.elf.dir/Drivers/STM32H7xx_HAL_Driver/Src/stm32h7xx_hal_uart_ex.c.obj
                0x00000000080052c2                HAL_UARTEx_SetTxFifoThreshold
 .text.HAL_UARTEx_SetRxFifoThreshold
                0x000000000800530c       0x4a CMakeFiles/LCD_SPI_DMA.elf.dir/Drivers/STM32H7xx_HAL_Driver/Src/stm32h7xx_hal_uart_ex.c.obj
                0x000000000800530c                HAL_UARTEx_SetRxFifoThreshold
 *fill*         0x0000000008005356        0x2 
 .text.HAL_SPI_TxCpltCallback
                0x0000000008005358       0x18 CMakeFiles/LCD_SPI_DMA.elf.dir/UserApp/LCD/lcd.c.obj
                0x0000000008005358                HAL_SPI_TxCpltCallback
 .text.LCD_Fill
                0x0000000008005370       0x68 CMakeFiles/LCD_SPI_DMA.elf.dir/UserApp/LCD/lcd.c.obj
                0x0000000008005370                LCD_Fill
 .text.LCD_Writ_Bus
                0x00000000080053d8       0x44 CMakeFiles/LCD_SPI_DMA.elf.dir/UserApp/LCD/lcd_init.c.obj
                0x00000000080053d8                LCD_Writ_Bus
 .text.LCD_WR_DATA8
                0x000000000800541c        0x8 CMakeFiles/LCD_SPI_DMA.elf.dir/UserApp/LCD/lcd_init.c.obj
                0x000000000800541c                LCD_WR_DATA8
 .text.LCD_WR_DATA
                0x0000000008005424       0x48 CMakeFiles/LCD_SPI_DMA.elf.dir/UserApp/LCD/lcd_init.c.obj
                0x0000000008005424                LCD_WR_DATA
 .text.LCD_WR_REG
                0x000000000800546c       0x2c CMakeFiles/LCD_SPI_DMA.elf.dir/UserApp/LCD/lcd_init.c.obj
                0x000000000800546c                LCD_WR_REG
 .text.LCD_Address_Set
                0x0000000008005498       0x36 CMakeFiles/LCD_SPI_DMA.elf.dir/UserApp/LCD/lcd_init.c.obj
                0x0000000008005498                LCD_Address_Set
 *fill*         0x00000000080054ce        0x2 
 .text.LCD_Init
                0x00000000080054d0      0x1b0 CMakeFiles/LCD_SPI_DMA.elf.dir/UserApp/LCD/lcd_init.c.obj
                0x00000000080054d0                LCD_Init
 .text.__udivmoddi4
                0x0000000008005680      0x2d0 /usr/local/arm/gcc-arm-10.3-2021.07-x86_64-arm-none-eabi/bin/../lib/gcc/arm-none-eabi/10.3.1/thumb/v7e-m+fp/hard/libgcc.a(_udivmoddi4.o)
                0x0000000008005680                __udivmoddi4
 .text.__libc_init_array
                0x0000000008005950       0x48 /usr/local/arm/gcc-arm-10.3-2021.07-x86_64-arm-none-eabi/bin/../lib/gcc/arm-none-eabi/10.3.1/../../../../arm-none-eabi/lib/thumb/v7e-m+fp/hard/libg.a(lib_a-init.o)
                0x0000000008005950                __libc_init_array
 .text.memset   0x0000000008005998       0xa4 /usr/local/arm/gcc-arm-10.3-2021.07-x86_64-arm-none-eabi/bin/../lib/gcc/arm-none-eabi/10.3.1/../../../../arm-none-eabi/lib/thumb/v7e-m+fp/hard/libg.a(lib_a-memset.o)
                0x0000000008005998                memset
 *(.glue_7)
 .glue_7        0x0000000008005a3c        0x0 linker stubs
 *(.glue_7t)
 .glue_7t       0x0000000008005a3c        0x0 linker stubs
 *(.eh_frame)
 .eh_frame      0x0000000008005a3c        0x0 /usr/local/arm/gcc-arm-10.3-2021.07-x86_64-arm-none-eabi/bin/../lib/gcc/arm-none-eabi/10.3.1/thumb/v7e-m+fp/hard/crtbegin.o
 *(.init)
 .init          0x0000000008005a3c        0x4 /usr/local/arm/gcc-arm-10.3-2021.07-x86_64-arm-none-eabi/bin/../lib/gcc/arm-none-eabi/10.3.1/thumb/v7e-m+fp/hard/crti.o
                0x0000000008005a3c                _init
 .init          0x0000000008005a40        0x8 /usr/local/arm/gcc-arm-10.3-2021.07-x86_64-arm-none-eabi/bin/../lib/gcc/arm-none-eabi/10.3.1/thumb/v7e-m+fp/hard/crtn.o
 *(.fini)
 .fini          0x0000000008005a48        0x4 /usr/local/arm/gcc-arm-10.3-2021.07-x86_64-arm-none-eabi/bin/../lib/gcc/arm-none-eabi/10.3.1/thumb/v7e-m+fp/hard/crti.o
                0x0000000008005a48                _fini
 .fini          0x0000000008005a4c        0x8 /usr/local/arm/gcc-arm-10.3-2021.07-x86_64-arm-none-eabi/bin/../lib/gcc/arm-none-eabi/10.3.1/thumb/v7e-m+fp/hard/crtn.o
                0x0000000008005a54                . = ALIGN (0x4)
                0x0000000008005a54                _etext = .

.vfp11_veneer   0x0000000008005a54        0x0
 .vfp11_veneer  0x0000000008005a54        0x0 linker stubs

.v4_bx          0x0000000008005a54        0x0
 .v4_bx         0x0000000008005a54        0x0 linker stubs

.iplt           0x0000000008005a54        0x0
 .iplt          0x0000000008005a54        0x0 /usr/local/arm/gcc-arm-10.3-2021.07-x86_64-arm-none-eabi/bin/../lib/gcc/arm-none-eabi/10.3.1/thumb/v7e-m+fp/hard/crtbegin.o

.rodata         0x0000000008005a54       0x94
                0x0000000008005a54                . = ALIGN (0x4)
 *(.rodata)
 *(.rodata*)
 .rodata.D1CorePrescTable
                0x0000000008005a54       0x10 CMakeFiles/LCD_SPI_DMA.elf.dir/Core/Src/system_stm32h7xx.c.obj
                0x0000000008005a54                D1CorePrescTable
 .rodata.flagBitshiftOffset.0
                0x0000000008005a64        0x8 CMakeFiles/LCD_SPI_DMA.elf.dir/Drivers/STM32H7xx_HAL_Driver/Src/stm32h7xx_hal_dma.c.obj
 .rodata.UARTPrescTable
                0x0000000008005a6c       0x18 CMakeFiles/LCD_SPI_DMA.elf.dir/Drivers/STM32H7xx_HAL_Driver/Src/stm32h7xx_hal_uart.c.obj
                0x0000000008005a6c                UARTPrescTable
 .rodata.denominator.0
                0x0000000008005a84        0x8 CMakeFiles/LCD_SPI_DMA.elf.dir/Drivers/STM32H7xx_HAL_Driver/Src/stm32h7xx_hal_uart_ex.c.obj
 .rodata.numerator.1
                0x0000000008005a8c        0x8 CMakeFiles/LCD_SPI_DMA.elf.dir/Drivers/STM32H7xx_HAL_Driver/Src/stm32h7xx_hal_uart_ex.c.obj
 .rodata.color_Fill
                0x0000000008005a94       0x54 CMakeFiles/LCD_SPI_DMA.elf.dir/UserApp/LCD/lcd.c.obj
                0x0000000008005a94                color_Fill
                0x0000000008005ae8                . = ALIGN (0x4)

.ARM.extab
 *(.ARM.extab* .gnu.linkonce.armextab.*)

.ARM            0x0000000008005ae8        0x8
                0x0000000008005ae8                __exidx_start = .
 *(.ARM.exidx*)
 .ARM.exidx.text.__udivmoddi4
                0x0000000008005ae8        0x8 /usr/local/arm/gcc-arm-10.3-2021.07-x86_64-arm-none-eabi/bin/../lib/gcc/arm-none-eabi/10.3.1/thumb/v7e-m+fp/hard/libgcc.a(_udivmoddi4.o)
                0x0000000008005af0                __exidx_end = .

.rel.dyn        0x0000000008005af0        0x0
 .rel.iplt      0x0000000008005af0        0x0 /usr/local/arm/gcc-arm-10.3-2021.07-x86_64-arm-none-eabi/bin/../lib/gcc/arm-none-eabi/10.3.1/thumb/v7e-m+fp/hard/crtbegin.o

.preinit_array  0x0000000008005af0        0x0
                0x0000000008005af0                PROVIDE (__preinit_array_start = .)
 *(.preinit_array*)
                0x0000000008005af0                PROVIDE (__preinit_array_end = .)

.init_array     0x0000000008005af0        0x4
                0x0000000008005af0                PROVIDE (__init_array_start = .)
 *(SORT_BY_NAME(.init_array.*))
 *(.init_array*)
 .init_array    0x0000000008005af0        0x4 /usr/local/arm/gcc-arm-10.3-2021.07-x86_64-arm-none-eabi/bin/../lib/gcc/arm-none-eabi/10.3.1/thumb/v7e-m+fp/hard/crtbegin.o
                0x0000000008005af4                PROVIDE (__init_array_end = .)

.fini_array     0x0000000008005af4        0x4
                0x0000000008005af4                PROVIDE (__fini_array_start = .)
 *(SORT_BY_NAME(.fini_array.*))
 *(.fini_array*)
 .fini_array    0x0000000008005af4        0x4 /usr/local/arm/gcc-arm-10.3-2021.07-x86_64-arm-none-eabi/bin/../lib/gcc/arm-none-eabi/10.3.1/thumb/v7e-m+fp/hard/crtbegin.o
                0x0000000008005af8                PROVIDE (__fini_array_end = .)
                0x0000000008005af8                _sidata = LOADADDR (.data)

.data           0x0000000024000000       0x10 load address 0x0000000008005af8
                0x0000000024000000                . = ALIGN (0x4)
                0x0000000024000000                _sdata = .
 *(.data)
 *(.data*)
 .data.SystemCoreClock
                0x0000000024000000        0x4 CMakeFiles/LCD_SPI_DMA.elf.dir/Core/Src/system_stm32h7xx.c.obj
                0x0000000024000000                SystemCoreClock
 .data.SystemD2Clock
                0x0000000024000004        0x4 CMakeFiles/LCD_SPI_DMA.elf.dir/Core/Src/system_stm32h7xx.c.obj
                0x0000000024000004                SystemD2Clock
 .data.uwTickFreq
                0x0000000024000008        0x1 CMakeFiles/LCD_SPI_DMA.elf.dir/Drivers/STM32H7xx_HAL_Driver/Src/stm32h7xx_hal.c.obj
                0x0000000024000008                uwTickFreq
 *fill*         0x0000000024000009        0x3 
 .data.uwTickPrio
                0x000000002400000c        0x4 CMakeFiles/LCD_SPI_DMA.elf.dir/Drivers/STM32H7xx_HAL_Driver/Src/stm32h7xx_hal.c.obj
                0x000000002400000c                uwTickPrio
 *(.RamFunc)
 *(.RamFunc*)
                0x0000000024000010                . = ALIGN (0x4)
                0x0000000024000010                _edata = .

.tm_clone_table
                0x0000000024000010        0x0 load address 0x0000000008005b08
 .tm_clone_table
                0x0000000024000010        0x0 /usr/local/arm/gcc-arm-10.3-2021.07-x86_64-arm-none-eabi/bin/../lib/gcc/arm-none-eabi/10.3.1/thumb/v7e-m+fp/hard/crtbegin.o
 .tm_clone_table
                0x0000000024000010        0x0 /usr/local/arm/gcc-arm-10.3-2021.07-x86_64-arm-none-eabi/bin/../lib/gcc/arm-none-eabi/10.3.1/thumb/v7e-m+fp/hard/crtend.o

.igot.plt       0x0000000024000010        0x0 load address 0x0000000008005b08
 .igot.plt      0x0000000024000010        0x0 /usr/local/arm/gcc-arm-10.3-2021.07-x86_64-arm-none-eabi/bin/../lib/gcc/arm-none-eabi/10.3.1/thumb/v7e-m+fp/hard/crtbegin.o
                0x0000000024000010                . = ALIGN (0x4)

.bss            0x0000000024000010      0x230 load address 0x0000000008005b08
                0x0000000024000010                _sbss = .
                0x0000000024000010                __bss_start__ = _sbss
 *(.bss)
 *(.bss*)
 .bss.completed.1
                0x0000000024000010        0x1 /usr/local/arm/gcc-arm-10.3-2021.07-x86_64-arm-none-eabi/bin/../lib/gcc/arm-none-eabi/10.3.1/thumb/v7e-m+fp/hard/crtbegin.o
 *fill*         0x0000000024000011        0x3 
 .bss.object.0  0x0000000024000014       0x18 /usr/local/arm/gcc-arm-10.3-2021.07-x86_64-arm-none-eabi/bin/../lib/gcc/arm-none-eabi/10.3.1/thumb/v7e-m+fp/hard/crtbegin.o
 .bss.hdma_spi1_tx
                0x000000002400002c       0x78 CMakeFiles/LCD_SPI_DMA.elf.dir/Core/Src/main.c.obj
                0x000000002400002c                hdma_spi1_tx
 .bss.hdma_usart1_rx
                0x00000000240000a4       0x78 CMakeFiles/LCD_SPI_DMA.elf.dir/Core/Src/main.c.obj
                0x00000000240000a4                hdma_usart1_rx
 .bss.hspi1     0x000000002400011c       0x88 CMakeFiles/LCD_SPI_DMA.elf.dir/Core/Src/main.c.obj
                0x000000002400011c                hspi1
 .bss.huart1    0x00000000240001a4       0x94 CMakeFiles/LCD_SPI_DMA.elf.dir/Core/Src/main.c.obj
                0x00000000240001a4                huart1
 .bss.uwTick    0x0000000024000238        0x4 CMakeFiles/LCD_SPI_DMA.elf.dir/Drivers/STM32H7xx_HAL_Driver/Src/stm32h7xx_hal.c.obj
                0x0000000024000238                uwTick
 .bss.spiDMAFinshedFlag
                0x000000002400023c        0x1 CMakeFiles/LCD_SPI_DMA.elf.dir/UserApp/LCD/lcd.c.obj
                0x000000002400023c                spiDMAFinshedFlag
 *(COMMON)
                0x0000000024000240                . = ALIGN (0x4)
 *fill*         0x000000002400023d        0x3 
                0x0000000024000240                _ebss = .
                0x0000000024000240                __bss_end__ = _ebss

._user_heap_stack
                0x0000000024000240      0x600 load address 0x0000000008005b08
                0x0000000024000240                . = ALIGN (0x8)
                [!provide]                        PROVIDE (end = .)
                0x0000000024000240                PROVIDE (_end = .)
                0x0000000024000440                . = (. + _Min_Heap_Size)
 *fill*         0x0000000024000240      0x200 
                0x0000000024000840                . = (. + _Min_Stack_Size)
 *fill*         0x0000000024000440      0x400 
                0x0000000024000840                . = ALIGN (0x8)

/DISCARD/
 libc.a(*)
 libm.a(*)
 libgcc.a(*)

.ARM.attributes
                0x0000000000000000       0x30
 *(.ARM.attributes)
 .ARM.attributes
                0x0000000000000000       0x1e /usr/local/arm/gcc-arm-10.3-2021.07-x86_64-arm-none-eabi/bin/../lib/gcc/arm-none-eabi/10.3.1/thumb/v7e-m+fp/hard/crti.o
 .ARM.attributes
                0x000000000000001e       0x34 /usr/local/arm/gcc-arm-10.3-2021.07-x86_64-arm-none-eabi/bin/../lib/gcc/arm-none-eabi/10.3.1/thumb/v7e-m+fp/hard/crtbegin.o
 .ARM.attributes
                0x0000000000000052       0x34 CMakeFiles/LCD_SPI_DMA.elf.dir/Core/Src/main.c.obj
 .ARM.attributes
                0x0000000000000086       0x34 CMakeFiles/LCD_SPI_DMA.elf.dir/Core/Src/stm32h7xx_hal_msp.c.obj
 .ARM.attributes
                0x00000000000000ba       0x34 CMakeFiles/LCD_SPI_DMA.elf.dir/Core/Src/stm32h7xx_it.c.obj
 .ARM.attributes
                0x00000000000000ee       0x34 CMakeFiles/LCD_SPI_DMA.elf.dir/Core/Src/system_stm32h7xx.c.obj
 .ARM.attributes
                0x0000000000000122       0x21 CMakeFiles/LCD_SPI_DMA.elf.dir/Core/Startup/startup_stm32h743vitx.s.obj
 .ARM.attributes
                0x0000000000000143       0x34 CMakeFiles/LCD_SPI_DMA.elf.dir/Drivers/STM32H7xx_HAL_Driver/Src/stm32h7xx_hal.c.obj
 .ARM.attributes
                0x0000000000000177       0x34 CMakeFiles/LCD_SPI_DMA.elf.dir/Drivers/STM32H7xx_HAL_Driver/Src/stm32h7xx_hal_cortex.c.obj
 .ARM.attributes
                0x00000000000001ab       0x34 CMakeFiles/LCD_SPI_DMA.elf.dir/Drivers/STM32H7xx_HAL_Driver/Src/stm32h7xx_hal_dma.c.obj
 .ARM.attributes
                0x00000000000001df       0x34 CMakeFiles/LCD_SPI_DMA.elf.dir/Drivers/STM32H7xx_HAL_Driver/Src/stm32h7xx_hal_gpio.c.obj
 .ARM.attributes
                0x0000000000000213       0x34 CMakeFiles/LCD_SPI_DMA.elf.dir/Drivers/STM32H7xx_HAL_Driver/Src/stm32h7xx_hal_pwr_ex.c.obj
 .ARM.attributes
                0x0000000000000247       0x34 CMakeFiles/LCD_SPI_DMA.elf.dir/Drivers/STM32H7xx_HAL_Driver/Src/stm32h7xx_hal_rcc.c.obj
 .ARM.attributes
                0x000000000000027b       0x34 CMakeFiles/LCD_SPI_DMA.elf.dir/Drivers/STM32H7xx_HAL_Driver/Src/stm32h7xx_hal_rcc_ex.c.obj
 .ARM.attributes
                0x00000000000002af       0x34 CMakeFiles/LCD_SPI_DMA.elf.dir/Drivers/STM32H7xx_HAL_Driver/Src/stm32h7xx_hal_spi.c.obj
 .ARM.attributes
                0x00000000000002e3       0x34 CMakeFiles/LCD_SPI_DMA.elf.dir/Drivers/STM32H7xx_HAL_Driver/Src/stm32h7xx_hal_uart.c.obj
 .ARM.attributes
                0x0000000000000317       0x34 CMakeFiles/LCD_SPI_DMA.elf.dir/Drivers/STM32H7xx_HAL_Driver/Src/stm32h7xx_hal_uart_ex.c.obj
 .ARM.attributes
                0x000000000000034b       0x34 CMakeFiles/LCD_SPI_DMA.elf.dir/UserApp/LCD/lcd.c.obj
 .ARM.attributes
                0x000000000000037f       0x34 CMakeFiles/LCD_SPI_DMA.elf.dir/UserApp/LCD/lcd_init.c.obj
 .ARM.attributes
                0x00000000000003b3       0x1e /usr/local/arm/gcc-arm-10.3-2021.07-x86_64-arm-none-eabi/bin/../lib/gcc/arm-none-eabi/10.3.1/thumb/v7e-m+fp/hard/libgcc.a(_aeabi_uldivmod.o)
 .ARM.attributes
                0x00000000000003d1       0x34 /usr/local/arm/gcc-arm-10.3-2021.07-x86_64-arm-none-eabi/bin/../lib/gcc/arm-none-eabi/10.3.1/thumb/v7e-m+fp/hard/libgcc.a(_udivmoddi4.o)
 .ARM.attributes
                0x0000000000000405       0x1e /usr/local/arm/gcc-arm-10.3-2021.07-x86_64-arm-none-eabi/bin/../lib/gcc/arm-none-eabi/10.3.1/thumb/v7e-m+fp/hard/libgcc.a(_dvmd_tls.o)
 .ARM.attributes
                0x0000000000000423       0x34 /usr/local/arm/gcc-arm-10.3-2021.07-x86_64-arm-none-eabi/bin/../lib/gcc/arm-none-eabi/10.3.1/../../../../arm-none-eabi/lib/thumb/v7e-m+fp/hard/libg.a(lib_a-init.o)
 .ARM.attributes
                0x0000000000000457       0x34 /usr/local/arm/gcc-arm-10.3-2021.07-x86_64-arm-none-eabi/bin/../lib/gcc/arm-none-eabi/10.3.1/../../../../arm-none-eabi/lib/thumb/v7e-m+fp/hard/libg.a(lib_a-memset.o)
 .ARM.attributes
                0x000000000000048b       0x32 /usr/local/arm/gcc-arm-10.3-2021.07-x86_64-arm-none-eabi/bin/../lib/gcc/arm-none-eabi/10.3.1/thumb/v7e-m+fp/hard/crtend.o
 .ARM.attributes
                0x00000000000004bd       0x1e /usr/local/arm/gcc-arm-10.3-2021.07-x86_64-arm-none-eabi/bin/../lib/gcc/arm-none-eabi/10.3.1/thumb/v7e-m+fp/hard/crtn.o
OUTPUT(LCD_SPI_DMA.elf elf32-littlearm)
LOAD linker stubs
LOAD /usr/local/arm/gcc-arm-10.3-2021.07-x86_64-arm-none-eabi/bin/../lib/gcc/arm-none-eabi/10.3.1/../../../../arm-none-eabi/lib/thumb/v7e-m+fp/hard/libc.a
LOAD /usr/local/arm/gcc-arm-10.3-2021.07-x86_64-arm-none-eabi/bin/../lib/gcc/arm-none-eabi/10.3.1/../../../../arm-none-eabi/lib/thumb/v7e-m+fp/hard/libm.a
LOAD /usr/local/arm/gcc-arm-10.3-2021.07-x86_64-arm-none-eabi/bin/../lib/gcc/arm-none-eabi/10.3.1/thumb/v7e-m+fp/hard/libgcc.a

.comment        0x0000000000000000       0x5d
 .comment       0x0000000000000000       0x5d /usr/local/arm/gcc-arm-10.3-2021.07-x86_64-arm-none-eabi/bin/../lib/gcc/arm-none-eabi/10.3.1/thumb/v7e-m+fp/hard/crtbegin.o
                                         0x5e (size before relaxing)
 .comment       0x000000000000005d       0x5e CMakeFiles/LCD_SPI_DMA.elf.dir/Core/Src/main.c.obj
 .comment       0x000000000000005d       0x5e CMakeFiles/LCD_SPI_DMA.elf.dir/Core/Src/stm32h7xx_hal_msp.c.obj
 .comment       0x000000000000005d       0x5e CMakeFiles/LCD_SPI_DMA.elf.dir/Core/Src/stm32h7xx_it.c.obj
 .comment       0x000000000000005d       0x5e CMakeFiles/LCD_SPI_DMA.elf.dir/Core/Src/system_stm32h7xx.c.obj
 .comment       0x000000000000005d       0x5e CMakeFiles/LCD_SPI_DMA.elf.dir/Drivers/STM32H7xx_HAL_Driver/Src/stm32h7xx_hal.c.obj
 .comment       0x000000000000005d       0x5e CMakeFiles/LCD_SPI_DMA.elf.dir/Drivers/STM32H7xx_HAL_Driver/Src/stm32h7xx_hal_cortex.c.obj
 .comment       0x000000000000005d       0x5e CMakeFiles/LCD_SPI_DMA.elf.dir/Drivers/STM32H7xx_HAL_Driver/Src/stm32h7xx_hal_dma.c.obj
 .comment       0x000000000000005d       0x5e CMakeFiles/LCD_SPI_DMA.elf.dir/Drivers/STM32H7xx_HAL_Driver/Src/stm32h7xx_hal_gpio.c.obj
 .comment       0x000000000000005d       0x5e CMakeFiles/LCD_SPI_DMA.elf.dir/Drivers/STM32H7xx_HAL_Driver/Src/stm32h7xx_hal_pwr_ex.c.obj
 .comment       0x000000000000005d       0x5e CMakeFiles/LCD_SPI_DMA.elf.dir/Drivers/STM32H7xx_HAL_Driver/Src/stm32h7xx_hal_rcc.c.obj
 .comment       0x000000000000005d       0x5e CMakeFiles/LCD_SPI_DMA.elf.dir/Drivers/STM32H7xx_HAL_Driver/Src/stm32h7xx_hal_rcc_ex.c.obj
 .comment       0x000000000000005d       0x5e CMakeFiles/LCD_SPI_DMA.elf.dir/Drivers/STM32H7xx_HAL_Driver/Src/stm32h7xx_hal_spi.c.obj
 .comment       0x000000000000005d       0x5e CMakeFiles/LCD_SPI_DMA.elf.dir/Drivers/STM32H7xx_HAL_Driver/Src/stm32h7xx_hal_uart.c.obj
 .comment       0x000000000000005d       0x5e CMakeFiles/LCD_SPI_DMA.elf.dir/Drivers/STM32H7xx_HAL_Driver/Src/stm32h7xx_hal_uart_ex.c.obj
 .comment       0x000000000000005d       0x5e CMakeFiles/LCD_SPI_DMA.elf.dir/UserApp/LCD/lcd.c.obj
 .comment       0x000000000000005d       0x5e CMakeFiles/LCD_SPI_DMA.elf.dir/UserApp/LCD/lcd_init.c.obj
 .comment       0x000000000000005d       0x5e /usr/local/arm/gcc-arm-10.3-2021.07-x86_64-arm-none-eabi/bin/../lib/gcc/arm-none-eabi/10.3.1/thumb/v7e-m+fp/hard/libgcc.a(_udivmoddi4.o)
 .comment       0x000000000000005d       0x5e /usr/local/arm/gcc-arm-10.3-2021.07-x86_64-arm-none-eabi/bin/../lib/gcc/arm-none-eabi/10.3.1/../../../../arm-none-eabi/lib/thumb/v7e-m+fp/hard/libg.a(lib_a-init.o)
 .comment       0x000000000000005d       0x5e /usr/local/arm/gcc-arm-10.3-2021.07-x86_64-arm-none-eabi/bin/../lib/gcc/arm-none-eabi/10.3.1/../../../../arm-none-eabi/lib/thumb/v7e-m+fp/hard/libg.a(lib_a-memset.o)
 .comment       0x000000000000005d       0x5e /usr/local/arm/gcc-arm-10.3-2021.07-x86_64-arm-none-eabi/bin/../lib/gcc/arm-none-eabi/10.3.1/thumb/v7e-m+fp/hard/crtend.o

.debug_info     0x0000000000000000    0x19ca1
 .debug_info    0x0000000000000000     0x1ea1 CMakeFiles/LCD_SPI_DMA.elf.dir/Core/Src/main.c.obj
 .debug_info    0x0000000000001ea1     0x1a93 CMakeFiles/LCD_SPI_DMA.elf.dir/Core/Src/stm32h7xx_hal_msp.c.obj
 .debug_info    0x0000000000003934      0x906 CMakeFiles/LCD_SPI_DMA.elf.dir/Core/Src/stm32h7xx_it.c.obj
 .debug_info    0x000000000000423a      0xd30 CMakeFiles/LCD_SPI_DMA.elf.dir/Core/Src/system_stm32h7xx.c.obj
 .debug_info    0x0000000000004f6a       0x22 CMakeFiles/LCD_SPI_DMA.elf.dir/Core/Startup/startup_stm32h743vitx.s.obj
 .debug_info    0x0000000000004f8c     0x16a0 CMakeFiles/LCD_SPI_DMA.elf.dir/Drivers/STM32H7xx_HAL_Driver/Src/stm32h7xx_hal.c.obj
 .debug_info    0x000000000000662c     0x13ea CMakeFiles/LCD_SPI_DMA.elf.dir/Drivers/STM32H7xx_HAL_Driver/Src/stm32h7xx_hal_cortex.c.obj
 .debug_info    0x0000000000007a16      0xfeb CMakeFiles/LCD_SPI_DMA.elf.dir/Drivers/STM32H7xx_HAL_Driver/Src/stm32h7xx_hal_dma.c.obj
 .debug_info    0x0000000000008a01      0xd66 CMakeFiles/LCD_SPI_DMA.elf.dir/Drivers/STM32H7xx_HAL_Driver/Src/stm32h7xx_hal_gpio.c.obj
 .debug_info    0x0000000000009767     0x122e CMakeFiles/LCD_SPI_DMA.elf.dir/Drivers/STM32H7xx_HAL_Driver/Src/stm32h7xx_hal_pwr_ex.c.obj
 .debug_info    0x000000000000a995     0x1230 CMakeFiles/LCD_SPI_DMA.elf.dir/Drivers/STM32H7xx_HAL_Driver/Src/stm32h7xx_hal_rcc.c.obj
 .debug_info    0x000000000000bbc5     0x1aca CMakeFiles/LCD_SPI_DMA.elf.dir/Drivers/STM32H7xx_HAL_Driver/Src/stm32h7xx_hal_rcc_ex.c.obj
 .debug_info    0x000000000000d68f     0x1b7f CMakeFiles/LCD_SPI_DMA.elf.dir/Drivers/STM32H7xx_HAL_Driver/Src/stm32h7xx_hal_spi.c.obj
 .debug_info    0x000000000000f20e     0x674e CMakeFiles/LCD_SPI_DMA.elf.dir/Drivers/STM32H7xx_HAL_Driver/Src/stm32h7xx_hal_uart.c.obj
 .debug_info    0x000000000001595c     0x124f CMakeFiles/LCD_SPI_DMA.elf.dir/Drivers/STM32H7xx_HAL_Driver/Src/stm32h7xx_hal_uart_ex.c.obj
 .debug_info    0x0000000000016bab     0x164e CMakeFiles/LCD_SPI_DMA.elf.dir/UserApp/LCD/lcd.c.obj
 .debug_info    0x00000000000181f9     0x10f4 CMakeFiles/LCD_SPI_DMA.elf.dir/UserApp/LCD/lcd_init.c.obj
 .debug_info    0x00000000000192ed       0x26 /usr/local/arm/gcc-arm-10.3-2021.07-x86_64-arm-none-eabi/bin/../lib/gcc/arm-none-eabi/10.3.1/thumb/v7e-m+fp/hard/libgcc.a(_aeabi_uldivmod.o)
 .debug_info    0x0000000000019313      0x717 /usr/local/arm/gcc-arm-10.3-2021.07-x86_64-arm-none-eabi/bin/../lib/gcc/arm-none-eabi/10.3.1/thumb/v7e-m+fp/hard/libgcc.a(_udivmoddi4.o)
 .debug_info    0x0000000000019a2a       0x26 /usr/local/arm/gcc-arm-10.3-2021.07-x86_64-arm-none-eabi/bin/../lib/gcc/arm-none-eabi/10.3.1/thumb/v7e-m+fp/hard/libgcc.a(_dvmd_tls.o)
 .debug_info    0x0000000000019a50      0x11a /usr/local/arm/gcc-arm-10.3-2021.07-x86_64-arm-none-eabi/bin/../lib/gcc/arm-none-eabi/10.3.1/../../../../arm-none-eabi/lib/thumb/v7e-m+fp/hard/libg.a(lib_a-init.o)
 .debug_info    0x0000000000019b6a      0x137 /usr/local/arm/gcc-arm-10.3-2021.07-x86_64-arm-none-eabi/bin/../lib/gcc/arm-none-eabi/10.3.1/../../../../arm-none-eabi/lib/thumb/v7e-m+fp/hard/libg.a(lib_a-memset.o)

.debug_abbrev   0x0000000000000000     0x2a1a
 .debug_abbrev  0x0000000000000000      0x2d8 CMakeFiles/LCD_SPI_DMA.elf.dir/Core/Src/main.c.obj
 .debug_abbrev  0x00000000000002d8      0x23e CMakeFiles/LCD_SPI_DMA.elf.dir/Core/Src/stm32h7xx_hal_msp.c.obj
 .debug_abbrev  0x0000000000000516      0x17e CMakeFiles/LCD_SPI_DMA.elf.dir/Core/Src/stm32h7xx_it.c.obj
 .debug_abbrev  0x0000000000000694      0x14a CMakeFiles/LCD_SPI_DMA.elf.dir/Core/Src/system_stm32h7xx.c.obj
 .debug_abbrev  0x00000000000007de       0x12 CMakeFiles/LCD_SPI_DMA.elf.dir/Core/Startup/startup_stm32h743vitx.s.obj
 .debug_abbrev  0x00000000000007f0      0x264 CMakeFiles/LCD_SPI_DMA.elf.dir/Drivers/STM32H7xx_HAL_Driver/Src/stm32h7xx_hal.c.obj
 .debug_abbrev  0x0000000000000a54      0x37d CMakeFiles/LCD_SPI_DMA.elf.dir/Drivers/STM32H7xx_HAL_Driver/Src/stm32h7xx_hal_cortex.c.obj
 .debug_abbrev  0x0000000000000dd1      0x298 CMakeFiles/LCD_SPI_DMA.elf.dir/Drivers/STM32H7xx_HAL_Driver/Src/stm32h7xx_hal_dma.c.obj
 .debug_abbrev  0x0000000000001069      0x239 CMakeFiles/LCD_SPI_DMA.elf.dir/Drivers/STM32H7xx_HAL_Driver/Src/stm32h7xx_hal_gpio.c.obj
 .debug_abbrev  0x00000000000012a2      0x29b CMakeFiles/LCD_SPI_DMA.elf.dir/Drivers/STM32H7xx_HAL_Driver/Src/stm32h7xx_hal_pwr_ex.c.obj
 .debug_abbrev  0x000000000000153d      0x27f CMakeFiles/LCD_SPI_DMA.elf.dir/Drivers/STM32H7xx_HAL_Driver/Src/stm32h7xx_hal_rcc.c.obj
 .debug_abbrev  0x00000000000017bc      0x278 CMakeFiles/LCD_SPI_DMA.elf.dir/Drivers/STM32H7xx_HAL_Driver/Src/stm32h7xx_hal_rcc_ex.c.obj
 .debug_abbrev  0x0000000000001a34      0x280 CMakeFiles/LCD_SPI_DMA.elf.dir/Drivers/STM32H7xx_HAL_Driver/Src/stm32h7xx_hal_spi.c.obj
 .debug_abbrev  0x0000000000001cb4      0x337 CMakeFiles/LCD_SPI_DMA.elf.dir/Drivers/STM32H7xx_HAL_Driver/Src/stm32h7xx_hal_uart.c.obj
 .debug_abbrev  0x0000000000001feb      0x2e7 CMakeFiles/LCD_SPI_DMA.elf.dir/Drivers/STM32H7xx_HAL_Driver/Src/stm32h7xx_hal_uart_ex.c.obj
 .debug_abbrev  0x00000000000022d2      0x269 CMakeFiles/LCD_SPI_DMA.elf.dir/UserApp/LCD/lcd.c.obj
 .debug_abbrev  0x000000000000253b      0x1d4 CMakeFiles/LCD_SPI_DMA.elf.dir/UserApp/LCD/lcd_init.c.obj
 .debug_abbrev  0x000000000000270f       0x14 /usr/local/arm/gcc-arm-10.3-2021.07-x86_64-arm-none-eabi/bin/../lib/gcc/arm-none-eabi/10.3.1/thumb/v7e-m+fp/hard/libgcc.a(_aeabi_uldivmod.o)
 .debug_abbrev  0x0000000000002723      0x163 /usr/local/arm/gcc-arm-10.3-2021.07-x86_64-arm-none-eabi/bin/../lib/gcc/arm-none-eabi/10.3.1/thumb/v7e-m+fp/hard/libgcc.a(_udivmoddi4.o)
 .debug_abbrev  0x0000000000002886       0x14 /usr/local/arm/gcc-arm-10.3-2021.07-x86_64-arm-none-eabi/bin/../lib/gcc/arm-none-eabi/10.3.1/thumb/v7e-m+fp/hard/libgcc.a(_dvmd_tls.o)
 .debug_abbrev  0x000000000000289a       0xcc /usr/local/arm/gcc-arm-10.3-2021.07-x86_64-arm-none-eabi/bin/../lib/gcc/arm-none-eabi/10.3.1/../../../../arm-none-eabi/lib/thumb/v7e-m+fp/hard/libg.a(lib_a-init.o)
 .debug_abbrev  0x0000000000002966       0xb4 /usr/local/arm/gcc-arm-10.3-2021.07-x86_64-arm-none-eabi/bin/../lib/gcc/arm-none-eabi/10.3.1/../../../../arm-none-eabi/lib/thumb/v7e-m+fp/hard/libg.a(lib_a-memset.o)

.debug_loc      0x0000000000000000     0xf0da
 .debug_loc     0x0000000000000000       0x23 CMakeFiles/LCD_SPI_DMA.elf.dir/Core/Src/main.c.obj
 .debug_loc     0x0000000000000023       0xa8 CMakeFiles/LCD_SPI_DMA.elf.dir/Core/Src/stm32h7xx_hal_msp.c.obj
 .debug_loc     0x00000000000000cb      0x1a0 CMakeFiles/LCD_SPI_DMA.elf.dir/Core/Src/system_stm32h7xx.c.obj
 .debug_loc     0x000000000000026b      0x3fa CMakeFiles/LCD_SPI_DMA.elf.dir/Drivers/STM32H7xx_HAL_Driver/Src/stm32h7xx_hal.c.obj
 .debug_loc     0x0000000000000665      0x726 CMakeFiles/LCD_SPI_DMA.elf.dir/Drivers/STM32H7xx_HAL_Driver/Src/stm32h7xx_hal_cortex.c.obj
 .debug_loc     0x0000000000000d8b      0xe96 CMakeFiles/LCD_SPI_DMA.elf.dir/Drivers/STM32H7xx_HAL_Driver/Src/stm32h7xx_hal_dma.c.obj
 .debug_loc     0x0000000000001c21      0x3c6 CMakeFiles/LCD_SPI_DMA.elf.dir/Drivers/STM32H7xx_HAL_Driver/Src/stm32h7xx_hal_gpio.c.obj
 .debug_loc     0x0000000000001fe7      0x4df CMakeFiles/LCD_SPI_DMA.elf.dir/Drivers/STM32H7xx_HAL_Driver/Src/stm32h7xx_hal_pwr_ex.c.obj
 .debug_loc     0x00000000000024c6      0x90a CMakeFiles/LCD_SPI_DMA.elf.dir/Drivers/STM32H7xx_HAL_Driver/Src/stm32h7xx_hal_rcc.c.obj
 .debug_loc     0x0000000000002dd0     0x1d9f CMakeFiles/LCD_SPI_DMA.elf.dir/Drivers/STM32H7xx_HAL_Driver/Src/stm32h7xx_hal_rcc_ex.c.obj
 .debug_loc     0x0000000000004b6f     0x1a45 CMakeFiles/LCD_SPI_DMA.elf.dir/Drivers/STM32H7xx_HAL_Driver/Src/stm32h7xx_hal_spi.c.obj
 .debug_loc     0x00000000000065b4     0x5d4e CMakeFiles/LCD_SPI_DMA.elf.dir/Drivers/STM32H7xx_HAL_Driver/Src/stm32h7xx_hal_uart.c.obj
 .debug_loc     0x000000000000c302      0xba5 CMakeFiles/LCD_SPI_DMA.elf.dir/Drivers/STM32H7xx_HAL_Driver/Src/stm32h7xx_hal_uart_ex.c.obj
 .debug_loc     0x000000000000cea7      0xe03 CMakeFiles/LCD_SPI_DMA.elf.dir/UserApp/LCD/lcd.c.obj
 .debug_loc     0x000000000000dcaa      0x13b CMakeFiles/LCD_SPI_DMA.elf.dir/UserApp/LCD/lcd_init.c.obj
 .debug_loc     0x000000000000dde5     0x100f /usr/local/arm/gcc-arm-10.3-2021.07-x86_64-arm-none-eabi/bin/../lib/gcc/arm-none-eabi/10.3.1/thumb/v7e-m+fp/hard/libgcc.a(_udivmoddi4.o)
 .debug_loc     0x000000000000edf4       0xba /usr/local/arm/gcc-arm-10.3-2021.07-x86_64-arm-none-eabi/bin/../lib/gcc/arm-none-eabi/10.3.1/../../../../arm-none-eabi/lib/thumb/v7e-m+fp/hard/libg.a(lib_a-init.o)
 .debug_loc     0x000000000000eeae      0x22c /usr/local/arm/gcc-arm-10.3-2021.07-x86_64-arm-none-eabi/bin/../lib/gcc/arm-none-eabi/10.3.1/../../../../arm-none-eabi/lib/thumb/v7e-m+fp/hard/libg.a(lib_a-memset.o)

.debug_aranges  0x0000000000000000      0xd70
 .debug_aranges
                0x0000000000000000       0x50 CMakeFiles/LCD_SPI_DMA.elf.dir/Core/Src/main.c.obj
 .debug_aranges
                0x0000000000000050       0x40 CMakeFiles/LCD_SPI_DMA.elf.dir/Core/Src/stm32h7xx_hal_msp.c.obj
 .debug_aranges
                0x0000000000000090       0x78 CMakeFiles/LCD_SPI_DMA.elf.dir/Core/Src/stm32h7xx_it.c.obj
 .debug_aranges
                0x0000000000000108       0x28 CMakeFiles/LCD_SPI_DMA.elf.dir/Core/Src/system_stm32h7xx.c.obj
 .debug_aranges
                0x0000000000000130       0x28 CMakeFiles/LCD_SPI_DMA.elf.dir/Core/Startup/startup_stm32h743vitx.s.obj
 .debug_aranges
                0x0000000000000158      0x198 CMakeFiles/LCD_SPI_DMA.elf.dir/Drivers/STM32H7xx_HAL_Driver/Src/stm32h7xx_hal.c.obj
 .debug_aranges
                0x00000000000002f0       0xb0 CMakeFiles/LCD_SPI_DMA.elf.dir/Drivers/STM32H7xx_HAL_Driver/Src/stm32h7xx_hal_cortex.c.obj
 .debug_aranges
                0x00000000000003a0       0xa0 CMakeFiles/LCD_SPI_DMA.elf.dir/Drivers/STM32H7xx_HAL_Driver/Src/stm32h7xx_hal_dma.c.obj
 .debug_aranges
                0x0000000000000440       0x58 CMakeFiles/LCD_SPI_DMA.elf.dir/Drivers/STM32H7xx_HAL_Driver/Src/stm32h7xx_hal_gpio.c.obj
 .debug_aranges
                0x0000000000000498      0x158 CMakeFiles/LCD_SPI_DMA.elf.dir/Drivers/STM32H7xx_HAL_Driver/Src/stm32h7xx_hal_pwr_ex.c.obj
 .debug_aranges
                0x00000000000005f0       0x88 CMakeFiles/LCD_SPI_DMA.elf.dir/Drivers/STM32H7xx_HAL_Driver/Src/stm32h7xx_hal_rcc.c.obj
 .debug_aranges
                0x0000000000000678       0xf8 CMakeFiles/LCD_SPI_DMA.elf.dir/Drivers/STM32H7xx_HAL_Driver/Src/stm32h7xx_hal_rcc_ex.c.obj
 .debug_aranges
                0x0000000000000770      0x1a8 CMakeFiles/LCD_SPI_DMA.elf.dir/Drivers/STM32H7xx_HAL_Driver/Src/stm32h7xx_hal_spi.c.obj
 .debug_aranges
                0x0000000000000918      0x248 CMakeFiles/LCD_SPI_DMA.elf.dir/Drivers/STM32H7xx_HAL_Driver/Src/stm32h7xx_hal_uart.c.obj
 .debug_aranges
                0x0000000000000b60       0xa8 CMakeFiles/LCD_SPI_DMA.elf.dir/Drivers/STM32H7xx_HAL_Driver/Src/stm32h7xx_hal_uart_ex.c.obj
 .debug_aranges
                0x0000000000000c08       0x78 CMakeFiles/LCD_SPI_DMA.elf.dir/UserApp/LCD/lcd.c.obj
 .debug_aranges
                0x0000000000000c80       0x50 CMakeFiles/LCD_SPI_DMA.elf.dir/UserApp/LCD/lcd_init.c.obj
 .debug_aranges
                0x0000000000000cd0       0x20 /usr/local/arm/gcc-arm-10.3-2021.07-x86_64-arm-none-eabi/bin/../lib/gcc/arm-none-eabi/10.3.1/thumb/v7e-m+fp/hard/libgcc.a(_aeabi_uldivmod.o)
 .debug_aranges
                0x0000000000000cf0       0x20 /usr/local/arm/gcc-arm-10.3-2021.07-x86_64-arm-none-eabi/bin/../lib/gcc/arm-none-eabi/10.3.1/thumb/v7e-m+fp/hard/libgcc.a(_udivmoddi4.o)
 .debug_aranges
                0x0000000000000d10       0x20 /usr/local/arm/gcc-arm-10.3-2021.07-x86_64-arm-none-eabi/bin/../lib/gcc/arm-none-eabi/10.3.1/thumb/v7e-m+fp/hard/libgcc.a(_dvmd_tls.o)
 .debug_aranges
                0x0000000000000d30       0x20 /usr/local/arm/gcc-arm-10.3-2021.07-x86_64-arm-none-eabi/bin/../lib/gcc/arm-none-eabi/10.3.1/../../../../arm-none-eabi/lib/thumb/v7e-m+fp/hard/libg.a(lib_a-init.o)
 .debug_aranges
                0x0000000000000d50       0x20 /usr/local/arm/gcc-arm-10.3-2021.07-x86_64-arm-none-eabi/bin/../lib/gcc/arm-none-eabi/10.3.1/../../../../arm-none-eabi/lib/thumb/v7e-m+fp/hard/libg.a(lib_a-memset.o)

.debug_ranges   0x0000000000000000      0xe40
 .debug_ranges  0x0000000000000000       0x58 CMakeFiles/LCD_SPI_DMA.elf.dir/Core/Src/main.c.obj
 .debug_ranges  0x0000000000000058       0x30 CMakeFiles/LCD_SPI_DMA.elf.dir/Core/Src/stm32h7xx_hal_msp.c.obj
 .debug_ranges  0x0000000000000088       0x68 CMakeFiles/LCD_SPI_DMA.elf.dir/Core/Src/stm32h7xx_it.c.obj
 .debug_ranges  0x00000000000000f0       0x18 CMakeFiles/LCD_SPI_DMA.elf.dir/Core/Src/system_stm32h7xx.c.obj
 .debug_ranges  0x0000000000000108       0x20 CMakeFiles/LCD_SPI_DMA.elf.dir/Core/Startup/startup_stm32h743vitx.s.obj
 .debug_ranges  0x0000000000000128      0x188 CMakeFiles/LCD_SPI_DMA.elf.dir/Drivers/STM32H7xx_HAL_Driver/Src/stm32h7xx_hal.c.obj
 .debug_ranges  0x00000000000002b0      0x100 CMakeFiles/LCD_SPI_DMA.elf.dir/Drivers/STM32H7xx_HAL_Driver/Src/stm32h7xx_hal_cortex.c.obj
 .debug_ranges  0x00000000000003b0       0xa8 CMakeFiles/LCD_SPI_DMA.elf.dir/Drivers/STM32H7xx_HAL_Driver/Src/stm32h7xx_hal_dma.c.obj
 .debug_ranges  0x0000000000000458       0x48 CMakeFiles/LCD_SPI_DMA.elf.dir/Drivers/STM32H7xx_HAL_Driver/Src/stm32h7xx_hal_gpio.c.obj
 .debug_ranges  0x00000000000004a0      0x1a8 CMakeFiles/LCD_SPI_DMA.elf.dir/Drivers/STM32H7xx_HAL_Driver/Src/stm32h7xx_hal_pwr_ex.c.obj
 .debug_ranges  0x0000000000000648       0xe8 CMakeFiles/LCD_SPI_DMA.elf.dir/Drivers/STM32H7xx_HAL_Driver/Src/stm32h7xx_hal_rcc.c.obj
 .debug_ranges  0x0000000000000730       0xe8 CMakeFiles/LCD_SPI_DMA.elf.dir/Drivers/STM32H7xx_HAL_Driver/Src/stm32h7xx_hal_rcc_ex.c.obj
 .debug_ranges  0x0000000000000818      0x198 CMakeFiles/LCD_SPI_DMA.elf.dir/Drivers/STM32H7xx_HAL_Driver/Src/stm32h7xx_hal_spi.c.obj
 .debug_ranges  0x00000000000009b0      0x238 CMakeFiles/LCD_SPI_DMA.elf.dir/Drivers/STM32H7xx_HAL_Driver/Src/stm32h7xx_hal_uart.c.obj
 .debug_ranges  0x0000000000000be8       0x98 CMakeFiles/LCD_SPI_DMA.elf.dir/Drivers/STM32H7xx_HAL_Driver/Src/stm32h7xx_hal_uart_ex.c.obj
 .debug_ranges  0x0000000000000c80       0x68 CMakeFiles/LCD_SPI_DMA.elf.dir/UserApp/LCD/lcd.c.obj
 .debug_ranges  0x0000000000000ce8       0x40 CMakeFiles/LCD_SPI_DMA.elf.dir/UserApp/LCD/lcd_init.c.obj
 .debug_ranges  0x0000000000000d28       0xf8 /usr/local/arm/gcc-arm-10.3-2021.07-x86_64-arm-none-eabi/bin/../lib/gcc/arm-none-eabi/10.3.1/thumb/v7e-m+fp/hard/libgcc.a(_udivmoddi4.o)
 .debug_ranges  0x0000000000000e20       0x10 /usr/local/arm/gcc-arm-10.3-2021.07-x86_64-arm-none-eabi/bin/../lib/gcc/arm-none-eabi/10.3.1/../../../../arm-none-eabi/lib/thumb/v7e-m+fp/hard/libg.a(lib_a-init.o)
 .debug_ranges  0x0000000000000e30       0x10 /usr/local/arm/gcc-arm-10.3-2021.07-x86_64-arm-none-eabi/bin/../lib/gcc/arm-none-eabi/10.3.1/../../../../arm-none-eabi/lib/thumb/v7e-m+fp/hard/libg.a(lib_a-memset.o)

.debug_line     0x0000000000000000    0x1417c
 .debug_line    0x0000000000000000      0x7a7 CMakeFiles/LCD_SPI_DMA.elf.dir/Core/Src/main.c.obj
 .debug_line    0x00000000000007a7      0x51b CMakeFiles/LCD_SPI_DMA.elf.dir/Core/Src/stm32h7xx_hal_msp.c.obj
 .debug_line    0x0000000000000cc2      0x37c CMakeFiles/LCD_SPI_DMA.elf.dir/Core/Src/stm32h7xx_it.c.obj
 .debug_line    0x000000000000103e      0x4ba CMakeFiles/LCD_SPI_DMA.elf.dir/Core/Src/system_stm32h7xx.c.obj
 .debug_line    0x00000000000014f8       0xaa CMakeFiles/LCD_SPI_DMA.elf.dir/Core/Startup/startup_stm32h743vitx.s.obj
 .debug_line    0x00000000000015a2      0x95c CMakeFiles/LCD_SPI_DMA.elf.dir/Drivers/STM32H7xx_HAL_Driver/Src/stm32h7xx_hal.c.obj
 .debug_line    0x0000000000001efe      0x827 CMakeFiles/LCD_SPI_DMA.elf.dir/Drivers/STM32H7xx_HAL_Driver/Src/stm32h7xx_hal_cortex.c.obj
 .debug_line    0x0000000000002725     0x24b2 CMakeFiles/LCD_SPI_DMA.elf.dir/Drivers/STM32H7xx_HAL_Driver/Src/stm32h7xx_hal_dma.c.obj
 .debug_line    0x0000000000004bd7      0x72e CMakeFiles/LCD_SPI_DMA.elf.dir/Drivers/STM32H7xx_HAL_Driver/Src/stm32h7xx_hal_gpio.c.obj
 .debug_line    0x0000000000005305      0xb1c CMakeFiles/LCD_SPI_DMA.elf.dir/Drivers/STM32H7xx_HAL_Driver/Src/stm32h7xx_hal_pwr_ex.c.obj
 .debug_line    0x0000000000005e21     0x1330 CMakeFiles/LCD_SPI_DMA.elf.dir/Drivers/STM32H7xx_HAL_Driver/Src/stm32h7xx_hal_rcc.c.obj
 .debug_line    0x0000000000007151     0x2022 CMakeFiles/LCD_SPI_DMA.elf.dir/Drivers/STM32H7xx_HAL_Driver/Src/stm32h7xx_hal_rcc_ex.c.obj
 .debug_line    0x0000000000009173     0x24a3 CMakeFiles/LCD_SPI_DMA.elf.dir/Drivers/STM32H7xx_HAL_Driver/Src/stm32h7xx_hal_spi.c.obj
 .debug_line    0x000000000000b616     0x6753 CMakeFiles/LCD_SPI_DMA.elf.dir/Drivers/STM32H7xx_HAL_Driver/Src/stm32h7xx_hal_uart.c.obj
 .debug_line    0x0000000000011d69      0xd0c CMakeFiles/LCD_SPI_DMA.elf.dir/Drivers/STM32H7xx_HAL_Driver/Src/stm32h7xx_hal_uart_ex.c.obj
 .debug_line    0x0000000000012a75      0x8c0 CMakeFiles/LCD_SPI_DMA.elf.dir/UserApp/LCD/lcd.c.obj
 .debug_line    0x0000000000013335      0x3b6 CMakeFiles/LCD_SPI_DMA.elf.dir/UserApp/LCD/lcd_init.c.obj
 .debug_line    0x00000000000136eb       0x83 /usr/local/arm/gcc-arm-10.3-2021.07-x86_64-arm-none-eabi/bin/../lib/gcc/arm-none-eabi/10.3.1/thumb/v7e-m+fp/hard/libgcc.a(_aeabi_uldivmod.o)
 .debug_line    0x000000000001376e      0x5d1 /usr/local/arm/gcc-arm-10.3-2021.07-x86_64-arm-none-eabi/bin/../lib/gcc/arm-none-eabi/10.3.1/thumb/v7e-m+fp/hard/libgcc.a(_udivmoddi4.o)
 .debug_line    0x0000000000013d3f       0x83 /usr/local/arm/gcc-arm-10.3-2021.07-x86_64-arm-none-eabi/bin/../lib/gcc/arm-none-eabi/10.3.1/thumb/v7e-m+fp/hard/libgcc.a(_dvmd_tls.o)
 .debug_line    0x0000000000013dc2      0x18b /usr/local/arm/gcc-arm-10.3-2021.07-x86_64-arm-none-eabi/bin/../lib/gcc/arm-none-eabi/10.3.1/../../../../arm-none-eabi/lib/thumb/v7e-m+fp/hard/libg.a(lib_a-init.o)
 .debug_line    0x0000000000013f4d      0x22f /usr/local/arm/gcc-arm-10.3-2021.07-x86_64-arm-none-eabi/bin/../lib/gcc/arm-none-eabi/10.3.1/../../../../arm-none-eabi/lib/thumb/v7e-m+fp/hard/libg.a(lib_a-memset.o)

.debug_str      0x0000000000000000     0x5a3b
 .debug_str     0x0000000000000000     0x179b CMakeFiles/LCD_SPI_DMA.elf.dir/Core/Src/main.c.obj
                                       0x18d8 (size before relaxing)
 .debug_str     0x000000000000179b      0x452 CMakeFiles/LCD_SPI_DMA.elf.dir/Core/Src/stm32h7xx_hal_msp.c.obj
                                       0x1983 (size before relaxing)
 .debug_str     0x0000000000001bed      0x13f CMakeFiles/LCD_SPI_DMA.elf.dir/Core/Src/stm32h7xx_it.c.obj
                                        0x92a (size before relaxing)
 .debug_str     0x0000000000001d2c      0x366 CMakeFiles/LCD_SPI_DMA.elf.dir/Core/Src/system_stm32h7xx.c.obj
                                        0x772 (size before relaxing)
 .debug_str     0x0000000000002092       0x58 CMakeFiles/LCD_SPI_DMA.elf.dir/Core/Startup/startup_stm32h743vitx.s.obj
                                         0x8f (size before relaxing)
 .debug_str     0x00000000000020ea      0x760 CMakeFiles/LCD_SPI_DMA.elf.dir/Drivers/STM32H7xx_HAL_Driver/Src/stm32h7xx_hal.c.obj
                                       0x14f3 (size before relaxing)
 .debug_str     0x000000000000284a      0x45f CMakeFiles/LCD_SPI_DMA.elf.dir/Drivers/STM32H7xx_HAL_Driver/Src/stm32h7xx_hal_cortex.c.obj
                                       0x108b (size before relaxing)
 .debug_str     0x0000000000002ca9      0x3d8 CMakeFiles/LCD_SPI_DMA.elf.dir/Drivers/STM32H7xx_HAL_Driver/Src/stm32h7xx_hal_dma.c.obj
                                        0xa0e (size before relaxing)
 .debug_str     0x0000000000003081       0xf7 CMakeFiles/LCD_SPI_DMA.elf.dir/Drivers/STM32H7xx_HAL_Driver/Src/stm32h7xx_hal_gpio.c.obj
                                        0x717 (size before relaxing)
 .debug_str     0x0000000000003178      0x576 CMakeFiles/LCD_SPI_DMA.elf.dir/Drivers/STM32H7xx_HAL_Driver/Src/stm32h7xx_hal_pwr_ex.c.obj
                                        0xa8c (size before relaxing)
 .debug_str     0x00000000000036ee      0x1b4 CMakeFiles/LCD_SPI_DMA.elf.dir/Drivers/STM32H7xx_HAL_Driver/Src/stm32h7xx_hal_rcc.c.obj
                                        0xa5d (size before relaxing)
 .debug_str     0x00000000000038a2      0x5e7 CMakeFiles/LCD_SPI_DMA.elf.dir/Drivers/STM32H7xx_HAL_Driver/Src/stm32h7xx_hal_rcc_ex.c.obj
                                        0xf68 (size before relaxing)
 .debug_str     0x0000000000003e89      0x510 CMakeFiles/LCD_SPI_DMA.elf.dir/Drivers/STM32H7xx_HAL_Driver/Src/stm32h7xx_hal_spi.c.obj
                                        0xde9 (size before relaxing)
 .debug_str     0x0000000000004399      0x8ba CMakeFiles/LCD_SPI_DMA.elf.dir/Drivers/STM32H7xx_HAL_Driver/Src/stm32h7xx_hal_uart.c.obj
                                       0x14f6 (size before relaxing)
 .debug_str     0x0000000000004c53      0x26b CMakeFiles/LCD_SPI_DMA.elf.dir/Drivers/STM32H7xx_HAL_Driver/Src/stm32h7xx_hal_uart_ex.c.obj
                                        0xbdf (size before relaxing)
 .debug_str     0x0000000000004ebe      0x1b3 CMakeFiles/LCD_SPI_DMA.elf.dir/UserApp/LCD/lcd.c.obj
                                        0xa2f (size before relaxing)
 .debug_str     0x0000000000005071       0x74 CMakeFiles/LCD_SPI_DMA.elf.dir/UserApp/LCD/lcd_init.c.obj
                                        0x903 (size before relaxing)
 .debug_str     0x00000000000050e5       0xc2 /usr/local/arm/gcc-arm-10.3-2021.07-x86_64-arm-none-eabi/bin/../lib/gcc/arm-none-eabi/10.3.1/thumb/v7e-m+fp/hard/libgcc.a(_aeabi_uldivmod.o)
                                         0xd0 (size before relaxing)
 .debug_str     0x00000000000051a7      0x581 /usr/local/arm/gcc-arm-10.3-2021.07-x86_64-arm-none-eabi/bin/../lib/gcc/arm-none-eabi/10.3.1/thumb/v7e-m+fp/hard/libgcc.a(_udivmoddi4.o)
                                        0x689 (size before relaxing)
 .debug_str     0x0000000000005728       0x53 /usr/local/arm/gcc-arm-10.3-2021.07-x86_64-arm-none-eabi/bin/../lib/gcc/arm-none-eabi/10.3.1/thumb/v7e-m+fp/hard/libgcc.a(_dvmd_tls.o)
                                         0xd4 (size before relaxing)
 .debug_str     0x000000000000577b      0x1d0 /usr/local/arm/gcc-arm-10.3-2021.07-x86_64-arm-none-eabi/bin/../lib/gcc/arm-none-eabi/10.3.1/../../../../arm-none-eabi/lib/thumb/v7e-m+fp/hard/libg.a(lib_a-init.o)
                                        0x26b (size before relaxing)
 .debug_str     0x000000000000594b       0xf0 /usr/local/arm/gcc-arm-10.3-2021.07-x86_64-arm-none-eabi/bin/../lib/gcc/arm-none-eabi/10.3.1/../../../../arm-none-eabi/lib/thumb/v7e-m+fp/hard/libg.a(lib_a-memset.o)
                                        0x220 (size before relaxing)

.debug_frame    0x0000000000000000     0x2150
 .debug_frame   0x0000000000000000       0xd0 CMakeFiles/LCD_SPI_DMA.elf.dir/Core/Src/main.c.obj
 .debug_frame   0x00000000000000d0       0xa0 CMakeFiles/LCD_SPI_DMA.elf.dir/Core/Src/stm32h7xx_hal_msp.c.obj
 .debug_frame   0x0000000000000170       0xf0 CMakeFiles/LCD_SPI_DMA.elf.dir/Core/Src/stm32h7xx_it.c.obj
 .debug_frame   0x0000000000000260       0x3c CMakeFiles/LCD_SPI_DMA.elf.dir/Core/Src/system_stm32h7xx.c.obj
 .debug_frame   0x000000000000029c      0x360 CMakeFiles/LCD_SPI_DMA.elf.dir/Drivers/STM32H7xx_HAL_Driver/Src/stm32h7xx_hal.c.obj
 .debug_frame   0x00000000000005fc      0x158 CMakeFiles/LCD_SPI_DMA.elf.dir/Drivers/STM32H7xx_HAL_Driver/Src/stm32h7xx_hal_cortex.c.obj
 .debug_frame   0x0000000000000754      0x1fc CMakeFiles/LCD_SPI_DMA.elf.dir/Drivers/STM32H7xx_HAL_Driver/Src/stm32h7xx_hal_dma.c.obj
 .debug_frame   0x0000000000000950       0xd4 CMakeFiles/LCD_SPI_DMA.elf.dir/Drivers/STM32H7xx_HAL_Driver/Src/stm32h7xx_hal_gpio.c.obj
 .debug_frame   0x0000000000000a24      0x2f4 CMakeFiles/LCD_SPI_DMA.elf.dir/Drivers/STM32H7xx_HAL_Driver/Src/stm32h7xx_hal_pwr_ex.c.obj
 .debug_frame   0x0000000000000d18      0x18c CMakeFiles/LCD_SPI_DMA.elf.dir/Drivers/STM32H7xx_HAL_Driver/Src/stm32h7xx_hal_rcc.c.obj
 .debug_frame   0x0000000000000ea4      0x26c CMakeFiles/LCD_SPI_DMA.elf.dir/Drivers/STM32H7xx_HAL_Driver/Src/stm32h7xx_hal_rcc_ex.c.obj
 .debug_frame   0x0000000000001110      0x4b8 CMakeFiles/LCD_SPI_DMA.elf.dir/Drivers/STM32H7xx_HAL_Driver/Src/stm32h7xx_hal_spi.c.obj
 .debug_frame   0x00000000000015c8      0x680 CMakeFiles/LCD_SPI_DMA.elf.dir/Drivers/STM32H7xx_HAL_Driver/Src/stm32h7xx_hal_uart.c.obj
 .debug_frame   0x0000000000001c48      0x1c8 CMakeFiles/LCD_SPI_DMA.elf.dir/Drivers/STM32H7xx_HAL_Driver/Src/stm32h7xx_hal_uart_ex.c.obj
 .debug_frame   0x0000000000001e10      0x1bc CMakeFiles/LCD_SPI_DMA.elf.dir/UserApp/LCD/lcd.c.obj
 .debug_frame   0x0000000000001fcc       0xcc CMakeFiles/LCD_SPI_DMA.elf.dir/UserApp/LCD/lcd_init.c.obj
 .debug_frame   0x0000000000002098       0x2c /usr/local/arm/gcc-arm-10.3-2021.07-x86_64-arm-none-eabi/bin/../lib/gcc/arm-none-eabi/10.3.1/thumb/v7e-m+fp/hard/libgcc.a(_aeabi_uldivmod.o)
 .debug_frame   0x00000000000020c4       0x34 /usr/local/arm/gcc-arm-10.3-2021.07-x86_64-arm-none-eabi/bin/../lib/gcc/arm-none-eabi/10.3.1/thumb/v7e-m+fp/hard/libgcc.a(_udivmoddi4.o)
 .debug_frame   0x00000000000020f8       0x2c /usr/local/arm/gcc-arm-10.3-2021.07-x86_64-arm-none-eabi/bin/../lib/gcc/arm-none-eabi/10.3.1/../../../../arm-none-eabi/lib/thumb/v7e-m+fp/hard/libg.a(lib_a-init.o)
 .debug_frame   0x0000000000002124       0x2c /usr/local/arm/gcc-arm-10.3-2021.07-x86_64-arm-none-eabi/bin/../lib/gcc/arm-none-eabi/10.3.1/../../../../arm-none-eabi/lib/thumb/v7e-m+fp/hard/libg.a(lib_a-memset.o)
